Archive member included because of file (symbol)

contiki-z1.a(rimeaddr.o)      udp-sender.co (rimeaddr_copy)
contiki-z1.a(csma.o)          obj_z1/contiki-z1-main.o (csma_driver)
contiki-z1.a(contikimac.o)    obj_z1/collect-common.o (contikimac_driver)
contiki-z1.a(phase.o)         contiki-z1.a(contikimac.o) (phase_update)
contiki-z1.a(rpl-dag.o)       udp-sender.co (rpl_get_parent_rank)
contiki-z1.a(rpl-icmp6.o)     contiki-z1.a(rpl-dag.o) (dao_output)
contiki-z1.a(rpl-timers.o)    contiki-z1.a(rpl-dag.o) (rpl_reset_dio_timer)
contiki-z1.a(rpl-mrhof.o)     contiki-z1.a(rpl-dag.o) (rpl_mrhof)
contiki-z1.a(process.o)       udp-sender.co (process_current)
contiki-z1.a(autostart.o)     obj_z1/contiki-z1-main.o (autostart_start)
contiki-z1.a(serial-line.o)   obj_z1/collect-common.o (serial_line_event_message)
contiki-z1.a(memb.o)          contiki-z1.a(csma.o) (memb_init)
contiki-z1.a(timer.o)         contiki-z1.a(phase.o) (timer_set)
contiki-z1.a(list.o)          contiki-z1.a(csma.o) (list_init)
contiki-z1.a(etimer.o)        obj_z1/contiki-z1-main.o (etimer_process)
contiki-z1.a(ctimer.o)        obj_z1/contiki-z1-main.o (ctimer_init)
contiki-z1.a(energest.o)      obj_z1/contiki-z1-main.o (energest_init)
contiki-z1.a(rtimer.o)        obj_z1/contiki-z1-main.o (rtimer_init)
contiki-z1.a(stimer.o)        contiki-z1.a(rpl-icmp6.o) (stimer_set)
contiki-z1.a(random.o)        contiki-z1.a(csma.o) (random_rand)
contiki-z1.a(ringbuf.o)       contiki-z1.a(serial-line.o) (ringbuf_init)
contiki-z1.a(nbr-table.o)     contiki-z1.a(phase.o) (nbr_table_register)
contiki-z1.a(packetbuf.o)     contiki-z1.a(contikimac.o) (packetbuf_hdr_remove)
contiki-z1.a(queuebuf.o)      obj_z1/contiki-z1-main.o (queuebuf_init)
contiki-z1.a(sicslowpan.o)    obj_z1/contiki-z1-main.o (sicslowpan_driver)
contiki-z1.a(tcpip.o)         contiki-z1.a(sicslowpan.o) (tcpip_set_outputfunc)
contiki-z1.a(uip-debug.o)     udp-sender.co (uip_debug_ipaddr_print)
contiki-z1.a(uip-ds6-route.o)
                              contiki-z1.a(rpl-icmp6.o) (uip_ds6_route_nexthop)
contiki-z1.a(uip-ds6-nbr.o)   contiki-z1.a(rpl-icmp6.o) (uip_ds6_nbr_add)
contiki-z1.a(uip-ds6.o)       contiki-z1.a(tcpip.o) (uip_ds6_is_addr_onlink)
contiki-z1.a(uip-icmp6.o)     contiki-z1.a(rpl-icmp6.o) (uip_icmp6_send)
contiki-z1.a(uip-nd6.o)       contiki-z1.a(tcpip.o) (uip_nd6_ns_output)
contiki-z1.a(uip-udp-packet.)
                              udp-sender.co (uip_udp_packet_sendto)
contiki-z1.a(uip6.o)          contiki-z1.a(rpl-icmp6.o) (uip_aligned_buf)
contiki-z1.a(collect-view.o)  udp-sender.co (collect_view_construct_message)
contiki-z1.a(collect-view-z1)
                              contiki-z1.a(collect-view.o) (collect_view_arch_read_sensors)
contiki-z1.a(contiki-z1-plat)
                              obj_z1/contiki-z1-main.o (init_platform)
contiki-z1.a(msp430.o)        obj_z1/contiki-z1-main.o (msp430_cpu_init)
contiki-z1.a(leds.o)          obj_z1/contiki-z1-main.o (leds_init)
contiki-z1.a(watchdog.o)      obj_z1/contiki-z1-main.o (watchdog_start)
contiki-z1.a(xmem.o)          obj_z1/contiki-z1-main.o (xmem_init)
contiki-z1.a(spi.o)           contiki-z1.a(xmem.o) (spi_init)
contiki-z1.a(cc2420.o)        contiki-z1.a(rpl-icmp6.o) (cc2420_last_rssi)
contiki-z1.a(cc2420-arch.o)   contiki-z1.a(cc2420.o) (cc2420_arch_init)
contiki-z1.a(node-id.o)       obj_z1/contiki-z1-main.o (node_id_restore)
contiki-z1.a(sensors.o)       contiki-z1.a(contiki-z1-plat) (sensors_process)
contiki-z1.a(button-sensor.o)
                              obj_z1/contiki-z1-main.o (button_sensor)
contiki-z1.a(uart0.o)         obj_z1/contiki-z1-main.o (uart0_active)
contiki-z1.a(uart0-putchar.o)
                              udp-sender.co (putchar)
contiki-z1.a(tmp102.o)        contiki-z1.a(collect-view-z1) (tmp102_init)
contiki-z1.a(i2cmaster.o)     contiki-z1.a(tmp102.o) (i2c_receiveinit)
contiki-z1.a(adxl345.o)       obj_z1/contiki-z1-main.o (accm_init)
contiki-z1.a(clock.o)         contiki-z1.a(timer.o) (clock_time)
contiki-z1.a(leds-arch.o)     contiki-z1.a(leds.o) (leds_arch_init)
contiki-z1.a(rtimer-arch.o)   contiki-z1.a(rtimer.o) (rtimer_arch_init)
contiki-z1.a(mac.o)           contiki-z1.a(csma.o) (mac_call_sent_callback)
contiki-z1.a(framer-802154.o)
                              contiki-z1.a(contikimac.o) (framer_802154)
contiki-z1.a(rpl.o)           contiki-z1.a(rpl-timers.o) (rpl_purge_routes)
contiki-z1.a(rpl-ext-header.)
                              contiki-z1.a(uip6.o) (rpl_verify_header)
contiki-z1.a(frame802154.o)   contiki-z1.a(framer-802154.o) (frame802154_hdrlen)
/usr/lib/gcc/msp430/4.5.3/mcpu-430x/mmpy-16/libgcc.a(_mulsi3.o)
                              contiki-z1.a(csma.o) (__mulsi3)
/usr/lib/gcc/msp430/4.5.3/mcpu-430x/mmpy-16/libgcc.a(_udivmodhi4.o)
                              contiki-z1.a(phase.o) (__udivmodhi4)
/usr/lib/gcc/msp430/4.5.3/mcpu-430x/mmpy-16/libgcc.a(_divmodhi4.o)
                              contiki-z1.a(nbr-table.o) (__divmodhi4)
[...]
Memory Configuration

Name             Origin             Length             Attributes
sfr              0x00000000         0x00000010
peripheral_8bit  0x00000010         0x000000f0
peripheral_16bit 0x00000100         0x00000100
infomem          0x00001000         0x00000100
infod            0x00001000         0x00000040
infoc            0x00001040         0x00000040
infob            0x00001080         0x00000040
infoa            0x000010c0         0x00000040
ram              0x00001100         0x00002000         xw
rom              0x00003100         0x0000cebe         xr
vectors          0x0000ffc0         0x00000040
far_rom          0x00010000         0x0000a000
bsl              0x00000000         0x00000000
*default*        0x00000000         0xffffffff

Linker script and memory map

LOAD /usr/lib/gcc/msp430/4.5.3/mcpu-430x/mmpy-16/crt0ivtbl32.o
                0x00000041                __P1SEL2 = 0x41
                0x00000045                __P5SEL2 = 0x45
LOAD udp-sender.co
LOAD obj_z1/collect-common.o
LOAD obj_z1/contiki-z1-main.o
LOAD contiki-z1.a
LOAD /usr/lib/gcc/msp430/4.5.3/mcpu-430x/mmpy-16/libgcc.a
LOAD /usr/lib/gcc/msp430/4.5.3/../../../../msp430/lib/mcpu-430x/mmpy-16/libc.a
LOAD /usr/lib/gcc/msp430/4.5.3/mcpu-430x/mmpy-16/libgcc.a
LOAD /usr/lib/gcc/msp430/4.5.3/mcpu-430x/mmpy-16/libcrt0.a
                0x00000000                __IE1 = 0x0
                0x00000002                __IFG1 = 0x2
                0x00000001                __IE2 = 0x1
                0x00000003                __IFG2 = 0x3
                0x00000006                __UC1IE = 0x6
                0x00000007                __UC1IFG = 0x7
                0x000001a0                __ADC12CTL0 = 0x1a0
                0x000001a2                __ADC12CTL1 = 0x1a2
                0x000001a4                __ADC12IFG = 0x1a4
                0x000001a6                __ADC12IE = 0x1a6
                0x000001a8                __ADC12IV = 0x1a8
                0x00000140                __ADC12MEM0 = 0x140
                0x00000142                __ADC12MEM1 = 0x142
                0x00000144                __ADC12MEM2 = 0x144
                0x00000146                __ADC12MEM3 = 0x146
                0x00000148                __ADC12MEM4 = 0x148
                0x0000014a                __ADC12MEM5 = 0x14a
                0x0000014c                __ADC12MEM6 = 0x14c
                0x0000014e                __ADC12MEM7 = 0x14e
                0x00000150                __ADC12MEM8 = 0x150
                0x00000152                __ADC12MEM9 = 0x152
                0x00000154                __ADC12MEM10 = 0x154
                0x00000156                __ADC12MEM11 = 0x156
                0x00000158                __ADC12MEM12 = 0x158
                0x0000015a                __ADC12MEM13 = 0x15a
                0x0000015c                __ADC12MEM14 = 0x15c
                0x0000015e                __ADC12MEM15 = 0x15e
                0x00000080                __ADC12MCTL0 = 0x80
                0x00000081                __ADC12MCTL1 = 0x81
                0x00000082                __ADC12MCTL2 = 0x82
                0x00000083                __ADC12MCTL3 = 0x83
                0x00000084                __ADC12MCTL4 = 0x84
                0x00000085                __ADC12MCTL5 = 0x85
                0x00000086                __ADC12MCTL6 = 0x86
                0x00000087                __ADC12MCTL7 = 0x87
                0x00000088                __ADC12MCTL8 = 0x88
                0x00000089                __ADC12MCTL9 = 0x89
                0x0000008a                __ADC12MCTL10 = 0x8a
                0x0000008b                __ADC12MCTL11 = 0x8b
                0x0000008c                __ADC12MCTL12 = 0x8c
                0x0000008d                __ADC12MCTL13 = 0x8d
                0x0000008e                __ADC12MCTL14 = 0x8e
                0x0000008f                __ADC12MCTL15 = 0x8f
                0x00000056                __DCOCTL = 0x56
                0x00000057                __BCSCTL1 = 0x57
                0x00000058                __BCSCTL2 = 0x58
                0x00000053                __BCSCTL3 = 0x53
                0x00000059                __CACTL1 = 0x59
                0x0000005a                __CACTL2 = 0x5a
                0x0000005b                __CAPD = 0x5b
                0x000001c0                __DAC12_0CTL = 0x1c0
                0x000001c2                __DAC12_1CTL = 0x1c2
                0x000001c8                __DAC12_0DAT = 0x1c8
                0x000001ca                __DAC12_1DAT = 0x1ca
                0x00000122                __DMACTL0 = 0x122
                0x00000124                __DMACTL1 = 0x124
                0x00000126                __DMAIV = 0x126
                0x000001d0                __DMA0CTL = 0x1d0
                0x000001dc                __DMA1CTL = 0x1dc
                0x000001e8                __DMA2CTL = 0x1e8
                0x000001d2                __DMA0SA = 0x1d2
                0x000001d2                __DMA0SAL = 0x1d2
                0x000001d6                __DMA0DA = 0x1d6
                0x000001d6                __DMA0DAL = 0x1d6
                0x000001da                __DMA0SZ = 0x1da
                0x000001de                __DMA1SA = 0x1de
                0x000001de                __DMA1SAL = 0x1de
                0x000001e2                __DMA1DA = 0x1e2
                0x000001e2                __DMA1DAL = 0x1e2
                0x000001e6                __DMA1SZ = 0x1e6
                0x000001ea                __DMA2SA = 0x1ea
                0x000001ea                __DMA2SAL = 0x1ea
                0x000001ee                __DMA2DA = 0x1ee
                0x000001ee                __DMA2DAL = 0x1ee
                0x000001f2                __DMA2SZ = 0x1f2
                0x00000128                __FCTL1 = 0x128
                0x0000012a                __FCTL2 = 0x12a
                0x0000012c                __FCTL3 = 0x12c
                0x000001be                __FCTL4 = 0x1be
                0x00000130                __MPY = 0x130
                0x00000132                __MPYS = 0x132
                0x00000134                __MAC = 0x134
                0x00000136                __MACS = 0x136
                0x00000138                __OP2 = 0x138
                0x0000013a                __RESLO = 0x13a
                0x0000013c                __RESHI = 0x13c
                0x0000013e                __SUMEXT = 0x13e
                0x00000020                __P1IN = 0x20
                0x00000021                __P1OUT = 0x21
                0x00000022                __P1DIR = 0x22
                0x00000023                __P1IFG = 0x23
                0x00000024                __P1IES = 0x24
                0x00000025                __P1IE = 0x25
                0x00000026                __P1SEL = 0x26
                0x00000027                __P1REN = 0x27
                0x00000028                __P2IN = 0x28
                0x00000029                __P2OUT = 0x29
                0x0000002a                __P2DIR = 0x2a
                0x0000002b                __P2IFG = 0x2b
                0x0000002c                __P2IES = 0x2c
                0x0000002d                __P2IE = 0x2d
                0x0000002e                __P2SEL = 0x2e
                0x0000002f                __P2REN = 0x2f
                0x00000018                __P3IN = 0x18
                0x00000019                __P3OUT = 0x19
                0x0000001a                __P3DIR = 0x1a
                0x0000001b                __P3SEL = 0x1b
                0x00000010                __P3REN = 0x10
                0x0000001c                __P4IN = 0x1c
                0x0000001d                __P4OUT = 0x1d
                0x0000001e                __P4DIR = 0x1e
                0x0000001f                __P4SEL = 0x1f
                0x00000011                __P4REN = 0x11
                0x00000030                __P5IN = 0x30
                0x00000031                __P5OUT = 0x31
                0x00000032                __P5DIR = 0x32
                0x00000033                __P5SEL = 0x33
                0x00000012                __P5REN = 0x12
                0x00000034                __P6IN = 0x34
                0x00000035                __P6OUT = 0x35
                0x00000036                __P6DIR = 0x36
                0x00000037                __P6SEL = 0x37
                0x00000013                __P6REN = 0x13
                0x00000038                __P7IN = 0x38
                0x0000003a                __P7OUT = 0x3a
                0x0000003c                __P7DIR = 0x3c
                0x0000003e                __P7SEL = 0x3e
                0x00000014                __P7REN = 0x14
                0x00000039                __P8IN = 0x39
                0x0000003b                __P8OUT = 0x3b
                0x0000003d                __P8DIR = 0x3d
                0x0000003f                __P8SEL = 0x3f
                0x00000015                __P8REN = 0x15
                0x00000038                __PAIN = 0x38
                0x0000003a                __PAOUT = 0x3a
                0x0000003c                __PADIR = 0x3c
                0x0000003e                __PASEL = 0x3e
                0x00000014                __PAREN = 0x14
                0x00000055                __SVSCTL = 0x55
                0x0000012e                __TAIV = 0x12e
                0x00000160                __TACTL = 0x160
                0x00000162                __TACCTL0 = 0x162
                0x00000164                __TACCTL1 = 0x164
                0x00000166                __TACCTL2 = 0x166
                0x00000170                __TAR = 0x170
                0x00000172                __TACCR0 = 0x172
                0x00000174                __TACCR1 = 0x174
                0x00000176                __TACCR2 = 0x176
                0x0000011e                __TBIV = 0x11e
                0x00000180                __TBCTL = 0x180
                0x00000182                __TBCCTL0 = 0x182
                0x00000184                __TBCCTL1 = 0x184
                0x00000186                __TBCCTL2 = 0x186
                0x00000188                __TBCCTL3 = 0x188
                0x0000018a                __TBCCTL4 = 0x18a
                0x0000018c                __TBCCTL5 = 0x18c
                0x0000018e                __TBCCTL6 = 0x18e
                0x00000190                __TBR = 0x190
                0x00000192                __TBCCR0 = 0x192
                0x00000194                __TBCCR1 = 0x194
                0x00000196                __TBCCR2 = 0x196
                0x00000198                __TBCCR3 = 0x198
                0x0000019a                __TBCCR4 = 0x19a
                0x0000019c                __TBCCR5 = 0x19c
                0x0000019e                __TBCCR6 = 0x19e
                0x00000060                __UCA0CTL0 = 0x60
                0x00000061                __UCA0CTL1 = 0x61
                0x00000062                __UCA0BR0 = 0x62
                0x00000063                __UCA0BR1 = 0x63
                0x00000064                __UCA0MCTL = 0x64
                0x00000065                __UCA0STAT = 0x65
                0x00000066                __UCA0RXBUF = 0x66
                0x00000067                __UCA0TXBUF = 0x67
                0x0000005d                __UCA0ABCTL = 0x5d
                0x0000005e                __UCA0IRTCTL = 0x5e
                0x0000005f                __UCA0IRRCTL = 0x5f
                0x00000068                __UCB0CTL0 = 0x68
                0x00000069                __UCB0CTL1 = 0x69
                0x0000006a                __UCB0BR0 = 0x6a
                0x0000006b                __UCB0BR1 = 0x6b
                0x0000006c                __UCB0I2CIE = 0x6c
                0x0000006d                __UCB0STAT = 0x6d
                0x0000006e                __UCB0RXBUF = 0x6e
                0x0000006f                __UCB0TXBUF = 0x6f
                0x00000118                __UCB0I2COA = 0x118
                0x0000011a                __UCB0I2CSA = 0x11a
                0x000000d0                __UCA1CTL0 = 0xd0
                0x000000d1                __UCA1CTL1 = 0xd1
                0x000000d2                __UCA1BR0 = 0xd2
                0x000000d3                __UCA1BR1 = 0xd3
                0x000000d4                __UCA1MCTL = 0xd4
                0x000000d5                __UCA1STAT = 0xd5
                0x000000d6                __UCA1RXBUF = 0xd6
                0x000000d7                __UCA1TXBUF = 0xd7
                0x000000cd                __UCA1ABCTL = 0xcd
                0x000000ce                __UCA1IRTCTL = 0xce
                0x000000cf                __UCA1IRRCTL = 0xcf
                0x000000d8                __UCB1CTL0 = 0xd8
                0x000000d9                __UCB1CTL1 = 0xd9
                0x000000da                __UCB1BR0 = 0xda
                0x000000db                __UCB1BR1 = 0xdb
                0x000000dc                __UCB1I2CIE = 0xdc
                0x000000dd                __UCB1STAT = 0xdd
                0x000000de                __UCB1RXBUF = 0xde
                0x000000df                __UCB1TXBUF = 0xdf
                0x0000017c                __UCB1I2COA = 0x17c
                0x0000017e                __UCB1I2CSA = 0x17e
                0x00000120                __WDTCTL = 0x120
                0x000010c0                __TLV_CHECKSUM = 0x10c0
                0x000010f6                __TLV_DCO_30_TAG = 0x10f6
                0x000010f7                __TLV_DCO_30_LEN = 0x10f7
                0x000010da                __TLV_ADC12_1_TAG = 0x10da
                0x000010db                __TLV_ADC12_1_LEN = 0x10db
                0x000010f8                __CALDCO_16MHZ = 0x10f8
                0x000010f9                __CALBC1_16MHZ = 0x10f9
                0x000010fa                __CALDCO_12MHZ = 0x10fa
                0x000010fb                __CALBC1_12MHZ = 0x10fb
                0x000010fc                __CALDCO_8MHZ = 0x10fc
                0x000010fd                __CALBC1_8MHZ = 0x10fd
                0x000010fe                __CALDCO_1MHZ = 0x10fe
                0x000010ff                __CALBC1_1MHZ = 0x10ff

.hash
 *(.hash)

.dynsym
 *(.dynsym)

.dynstr
 *(.dynstr)

.gnu.version
 *(.gnu.version)

.gnu.version_d
 *(.gnu.version_d)

.gnu.version_r
 *(.gnu.version_r)

.rel.init
 *(.rel.init)

.rela.init
 *(.rela.init)

.rel.text
 *(.rel.text)
 *(.rel.text.*)
 *(.rel.gnu.linkonce.t*)

.rela.text
 *(.rela.text)
 *(.rela.text.*)
 *(.rela.gnu.linkonce.t*)

.rel.fini
 *(.rel.fini)

.rela.fini
 *(.rela.fini)

.rel.rodata
 *(.rel.rodata)
 *(.rel.rodata.*)
 *(.rel.gnu.linkonce.r*)

.rela.rodata
 *(.rela.rodata)
 *(.rela.rodata.*)
 *(.rela.gnu.linkonce.r*)

.rel.data
 *(.rel.data)
 *(.rel.data.*)
 *(.rel.gnu.linkonce.d*)

.rela.data
 *(.rela.data)
 *(.rela.data.*)
 *(.rela.gnu.linkonce.d*)

.rel.ctors
 *(.rel.ctors)

.rela.ctors
 *(.rela.ctors)

.rel.dtors
 *(.rel.dtors)

.rela.dtors
 *(.rela.dtors)

.rel.got
 *(.rel.got)

.rela.got
 *(.rela.got)

.rel.bss
 *(.rel.bss)

.rela.bss
 *(.rela.bss)

.rel.plt
 *(.rel.plt)

.rela.plt
 *(.rela.plt)

.text           0x00003100     0xc538
                0x00003100                . = ALIGN (0x2)
 *(.init)
 *(.init0)
 .init0         0x00003100        0x0 /usr/lib/gcc/msp430/4.5.3/mcpu-430x/mmpy-16/libcrt0.a(_reset_vector__.o)
                0x00003100                _reset_vector__
 *(.init1)
 *(.init2)
 .init2         0x00003100        0x4 /usr/lib/gcc/msp430/4.5.3/mcpu-430x/mmpy-16/libcrt0.a(__init_stack.o)
                0x00003100                __init_stack
 *(.init3)
 .init3         0x00003104        0xa /usr/lib/gcc/msp430/4.5.3/mcpu-430x/mmpy-16/libcrt0.a(__low_level_init.o)
                0x00003104                __low_level_init
 *(.init4)
 .init4         0x0000310e       0x16 /usr/lib/gcc/msp430/4.5.3/mcpu-430x/mmpy-16/libcrt0.a(_copy_data.o)
                0x0000310e                __do_copy_data
 .init4         0x00003124       0x14 /usr/lib/gcc/msp430/4.5.3/mcpu-430x/mmpy-16/libcrt0.a(_clear_bss.o)
                0x00003124                __do_clear_bss
 *(.init5)
 *(.init6)
 *(.init7)
 *(.init8)
 *(.init9)
 .init9         0x00003138      0x366 obj_z1/contiki-z1-main.o
                0x00003138                main
 *(.fini9)
 .fini9         0x0000349e        0x0 /usr/lib/gcc/msp430/4.5.3/mcpu-430x/mmpy-16/libcrt0.a(__stop_progExec__.o)
                0x0000349e                __stop_progExec__
 *(.fini8)
 *(.fini7)
 *(.fini6)
 *(.fini5)
 *(.fini4)
 *(.fini3)
 *(.fini2)
 *(.fini1)
 *(.fini0)
 .fini0         0x0000349e        0x6 /usr/lib/gcc/msp430/4.5.3/mcpu-430x/mmpy-16/libcrt0.a(_endless_loop__.o)
                0x0000349e                _endless_loop__
 *(.fini)
                0x000034a4                . = ALIGN (0x2)
                0x000034a4                __ctors_start = .
 *(.ctors)
                0x000034a4                __ctors_end = .
                0x000034a4                __dtors_start = .
 *(.dtors)
                0x000034a4                __dtors_end = .
                0x000034a4                . = ALIGN (0x2)
 *(.text)
 .text          0x000034a4        0x4 /usr/lib/gcc/msp430/4.5.3/mcpu-430x/mmpy-16/crt0ivtbl32.o
                0x000034a4                __isr_14
                0x000034a4                __isr_4
                0x000034a4                __isr_29
                0x000034a4                __isr_11
                0x000034a4                __isr_5
                0x000034a4                __isr_2
                0x000034a4                __isr_10
                0x000034a4                __isr_7
                0x000034a4                __isr_0
                0x000034a4                __isr_28
                0x000034a4                __isr_8
                0x000034a4                __isr_20
                0x000034a4                __isr_3
                0x000034a4                __isr_12
                0x000034a4                __isr_13
                0x000034a4                __isr_27
                0x000034a4                __isr_9
                0x000034a4                __isr_30
                0x000034a4                __isr_6
                0x000034a4                __isr_22
                0x000034a4                __isr_1
                0x000034a4                __isr_15
                0x000034a4                __isr_21
 .text          0x000034a8      0x4c6 udp-sender.co
                0x000036d2                collect_common_set_sink
                0x000036ec                collect_common_net_print
                0x0000373e                Tx_power_tuning
                0x000037f4                collect_common_send
                0x00003946                collect_common_net_init
                0x00003968                autostart_processes
 .text          0x0000396e      0x392 obj_z1/collect-common.o
                0x00003bf8                collect_common_set_send_active
                0x00003c1e                collect_common_recv
 .text          0x00003d00      0x11e obj_z1/contiki-z1-main.o
                0x00003d00                uip_log
 .text          0x00003e1e       0x2e contiki-z1.a(rimeaddr.o)
                0x00003e1e                rimeaddr_copy
                0x00003e26                rimeaddr_cmp
                0x00003e38                rimeaddr_set_node_addr
                0x00003e44                rimeaddr_null
 .text          0x00003e4c      0x39a contiki-z1.a(csma.o)
                0x000041d8                csma_driver
 .text          0x000041e6      0x730 contiki-z1.a(contikimac.o)
                0x000048f6                contikimac_debug_print
                0x00004906                contikimac_driver
 .text          0x00004916      0x1fa contiki-z1.a(phase.o)
                0x0000495a                phase_update
                0x000049ea                phase_wait
                0x00004afc                phase_init
 .text          0x00004b10      0xfbe contiki-z1.a(rpl-dag.o)
                0x00004c4e                rpl_dag_init
                0x00004c5c                rpl_get_parent_rank
                0x00004c70                rpl_get_parent_link_metric
                0x00004c84                rpl_get_parent_ipaddr
                0x00004c94                rpl_set_prefix
                0x00004d24                rpl_set_default_route
                0x00004d86                rpl_alloc_instance
                0x00004db2                rpl_set_default_instance
                0x00004db8                rpl_add_parent
                0x00004e08                rpl_find_parent
                0x00004e22                rpl_find_parent_any_dag
                0x00004e48                rpl_select_parent
                0x00004f2e                rpl_select_dag
                0x000050e2                rpl_nullify_parent
                0x00005130                rpl_remove_parent
                0x00005178                rpl_free_dag
                0x000051ae                rpl_free_instance
                0x0000520a                rpl_move_parent
                0x00005278                rpl_get_any_dag
                0x00005290                rpl_get_instance
                0x00005302                rpl_alloc_dag
                0x0000536c                rpl_set_root
                0x00005454                rpl_repair_root
                0x000054a0                rpl_find_of
                0x000054b0                rpl_join_instance
                0x000055f2                rpl_local_repair
                0x0000566c                rpl_process_parent_event
                0x000056f4                rpl_recalculate_ranks
                0x00005736                rpl_add_dag
                0x0000584c                rpl_process_dio
 .text          0x00005ace      0xaaa contiki-z1.a(rpl-icmp6.o)
                0x00005b6e                dis_output
                0x00005bbe                dio_output
                0x00005e7e                dao_output_target
                0x00005f5c                dao_output
                0x00005fd6                dao_ack_output
                0x00006012                uip_rpl_input
 .text          0x00006578      0x26e contiki-z1.a(rpl-timers.o)
                0x00006730                rpl_reset_periodic_timer
                0x00006786                rpl_reset_dio_timer
                0x0000679e                rpl_schedule_dao
 .text          0x000067e6      0x17a contiki-z1.a(rpl-mrhof.o)
                0x000068ca                best_parent
 .text          0x00006960      0x2ac contiki-z1.a(process.o)
                0x00006a70                process_alloc_event
                0x00006a7e                process_exit
                0x00006a88                process_init
                0x00006aa4                process_run
                0x00006b40                process_nevents
                0x00006b4c                process_post
                0x00006ba0                process_post_synch
                0x00006bb2                process_start
                0x00006be4                process_poll
                0x00006bfe                process_is_running
 .text          0x00006c0c       0x2e contiki-z1.a(autostart.o)
                0x00006c0c                autostart_start
                0x00006c24                autostart_exit
 .text          0x00006c3a      0x116 contiki-z1.a(serial-line.o)
                0x00006ce0                serial_line_input_byte
                0x00006d26                serial_line_init
 .text          0x00006d50       0xdc contiki-z1.a(memb.o)
                0x00006d50                memb_init
                0x00006d86                memb_alloc
                0x00006dc4                memb_free
                0x00006dfe                memb_inmemb
 .text          0x00006e2c       0x94 contiki-z1.a(timer.o)
                0x00006e2c                timer_set
                0x00006e48                timer_reset
                0x00006e56                timer_restart
                0x00006e6a                timer_expired
                0x00006e98                timer_remaining
 .text          0x00006ec0       0xfc contiki-z1.a(list.o)
                0x00006ec0                list_init
                0x00006ec6                list_head
                0x00006eca                list_copy
                0x00006ed0                list_tail
                0x00006ee4                list_chop
                0x00006f0e                list_pop
                0x00006f1c                list_remove
                0x00006f4a                list_push
                0x00006f64                list_add
                0x00006f8e                list_length
                0x00006f9e                list_insert
                0x00006fb4                list_item_next
 .text          0x00006fbc      0x276 contiki-z1.a(etimer.o)
                0x00007034                etimer_request_poll
                0x0000714c                etimer_set
                0x0000715e                etimer_reset
                0x00007170                etimer_restart
                0x00007182                etimer_adjust
                0x0000719c                etimer_expired
                0x000071aa                etimer_expiration_time
                0x000071be                etimer_start_time
                0x000071c6                etimer_pending
                0x000071d4                etimer_next_expiration_time
                0x000071ea                etimer_stop
 .text          0x00007232      0x1f4 contiki-z1.a(ctimer.o)
                0x000072d6                ctimer_init
                0x000072ee                ctimer_set
                0x00007348                ctimer_reset
                0x00007382                ctimer_restart
                0x000073bc                ctimer_stop
                0x000073e4                ctimer_expired
 .text          0x00007426       0xcc contiki-z1.a(energest.o)
                0x00007426                energest_init
                0x00007450                energest_type_time
                0x00007494                energest_leveldevice_leveltime
                0x0000749a                energest_type_set
                0x000074a8                energest_flush
 .text          0x000074f2       0x50 contiki-z1.a(rtimer.o)
                0x000074f2                rtimer_init
                0x000074f8                rtimer_set
                0x0000751c                rtimer_run_next
 .text          0x00007542       0xba contiki-z1.a(stimer.o)
                0x00007542                stimer_set
                0x0000755e                stimer_reset
                0x0000756c                stimer_restart
                0x00007580                stimer_expired
                0x000075c2                stimer_remaining
                0x000075ea                stimer_elapsed
 .text          0x000075fc        0xc contiki-z1.a(random.o)
                0x000075fc                random_init
                0x00007602                random_rand
 .text          0x00007608       0x9c contiki-z1.a(ringbuf.o)
                0x00007608                ringbuf_init
                0x0000761c                ringbuf_put
                0x00007658                ringbuf_get
                0x0000768a                ringbuf_size
                0x00007692                ringbuf_elements
 .text          0x000076a4      0x490 contiki-z1.a(nbr-table.o)
                0x000078ba                nbr_table_register
                0x000078e0                nbr_table_next
                0x00007916                nbr_table_head
                0x0000794c                nbr_table_add_lladdr
                0x00007a8a                nbr_table_get_from_lladdr
                0x00007ad6                nbr_table_remove
                0x00007b08                nbr_table_lock
                0x00007b18                nbr_table_unlock
                0x00007b28                nbr_table_get_lladdr
 .text          0x00007b34      0x23a contiki-z1.a(packetbuf.o)
                0x00007b34                packetbuf_clear_hdr
                0x00007b3c                packetbuf_copyto_hdr
                0x00007b58                packetbuf_copyto
                0x00007baa                packetbuf_hdr_remove
                0x00007bb0                packetbuf_hdrreduce
                0x00007bca                packetbuf_set_datalen
                0x00007bd0                packetbuf_dataptr
                0x00007bda                packetbuf_hdrptr
                0x00007be4                packetbuf_is_reference
                0x00007bf2                packetbuf_compact
                0x00007c3a                packetbuf_reference_ptr
                0x00007c40                packetbuf_datalen
                0x00007c46                packetbuf_hdrlen
                0x00007c50                packetbuf_totlen
                0x00007c60                packetbuf_hdralloc
                0x00007c8e                packetbuf_attr_clear
                0x00007cc0                packetbuf_clear
                0x00007ce0                packetbuf_reference
                0x00007cfa                packetbuf_copyfrom
                0x00007d28                packetbuf_attr_copyto
                0x00007d4a                packetbuf_attr_copyfrom
 .text          0x00007d6e      0x1c2 contiki-z1.a(queuebuf.o)
                0x00007d6e                queuebuf_init
                0x00007d88                queuebuf_new_from_packetbuf
                0x00007e08                queuebuf_update_attr_from_packetbuf
                0x00007e1a                queuebuf_free
                0x00007e60                queuebuf_to_packetbuf
                0x00007ed0                queuebuf_dataptr
                0x00007f04                queuebuf_datalen
                0x00007f0a                queuebuf_addr
                0x00007f20                queuebuf_attr
                0x00007f2e                queuebuf_debug_print
 .text          0x00007f30      0xfc4 contiki-z1.a(sicslowpan.o)
                0x00008730                sicslowpan_init
                0x00008ec4                rime_sniffer_add
                0x00008eca                rime_sniffer_remove
                0x00008ed0                unc_llconf
                0x00008ed4                unc_ctxconf
                0x00008ed8                unc_mxconf
                0x00008edc                llprefix
                0x00008eea                sicslowpan_driver
 .text          0x00008ef4      0x53a contiki-z1.a(tcpip.o)
                0x00008f0a                tcpip_output
                0x00008f1a                tcpip_set_outputfunc
                0x00008f20                tcp_unlisten
                0x00008f5a                tcp_listen
                0x00008f96                tcp_attach
                0x00008fa2                udp_attach
                0x00008fae                udp_new
                0x00008fc8                udp_broadcast_new
                0x0000900e                tcpip_input
                0x00009024                tcpip_ipv6_output
                0x00009362                tcpip_poll_udp
                0x00009370                tcpip_poll_tcp
                0x0000937e                tcp_connect
                0x000093a4                tcpip_uipcall
 .text          0x0000942e       0xd2 contiki-z1.a(uip-debug.o)
                0x00009444                uip_debug_ipaddr_print
                0x000094cc                uip_debug_lladdr_print
 .text          0x00009500      0x444 contiki-z1.a(uip-ds6-route.o)
                0x00009554                uip_ds6_notification_add
                0x0000956c                uip_ds6_notification_rm
                0x00009578                uip_ds6_route_init
                0x000095a6                uip_ds6_route_nexthop
                0x000095bc                uip_ds6_route_head
                0x000095e2                uip_ds6_route_next
                0x0000961c                uip_ds6_route_num_routes
                0x00009622                uip_ds6_route_lookup
                0x0000967c                uip_ds6_route_add
                0x00009736                uip_ds6_route_rm
                0x000097cc                uip_ds6_route_rm_by_nexthop
                0x000097e0                uip_ds6_defrt_rm
                0x00009828                uip_ds6_defrt_lookup
                0x0000985e                uip_ds6_defrt_add
                0x000098d2                uip_ds6_defrt_choose
                0x0000990c                uip_ds6_defrt_periodic
 .text          0x00009944      0x2b8 contiki-z1.a(uip-ds6-nbr.o)
                0x00009944                uip_ds6_nbr_rm
                0x0000995e                uip_ds6_neighbors_init
                0x0000996c                uip_ds6_nbr_add
                0x000099cc                uip_ds6_nbr_get_ipaddr
                0x000099ce                uip_ds6_nbr_get_ll
                0x000099da                uip_ds6_nbr_num
                0x000099fe                uip_ds6_nbr_lookup
                0x00009a3e                uip_ds6_nbr_ll_lookup
                0x00009a4a                uip_ds6_nbr_ipaddr_from_lladdr
                0x00009a50                uip_ds6_nbr_lladdr_from_ipaddr
                0x00009a60                uip_ds6_link_neighbor_callback
                0x00009a8a                uip_ds6_neighbor_periodic
                0x00009b9e                uip_ds6_get_least_lifetime_neighbor
 .text          0x00009bfc      0x736 contiki-z1.a(uip-ds6.o)
                0x00009bfc                uip_ds6_list_loop
                0x00009c7e                uip_ds6_prefix_add
                0x00009cfe                uip_ds6_prefix_rm
                0x00009d08                uip_ds6_prefix_lookup
                0x00009d30                uip_ds6_is_addr_onlink
                0x00009d80                uip_ds6_addr_lookup
                0x00009daa                uip_ds6_get_link_local
                0x00009de8                uip_ds6_get_global
                0x00009e26                uip_ds6_maddr_add
                0x00009e72                uip_ds6_addr_add
                0x00009f3c                uip_ds6_maddr_rm
                0x00009f46                uip_ds6_maddr_lookup
                0x00009f70                uip_ds6_addr_rm
                0x00009fc4                uip_ds6_periodic
                0x0000a00e                uip_ds6_aaddr_add
                0x0000a058                uip_ds6_aaddr_rm
                0x0000a062                uip_ds6_aaddr_lookup
                0x0000a08a                uip_ds6_set_addr_iid
                0x0000a09e                get_match_length
                0x0000a0e4                uip_ds6_select_src
                0x0000a18e                uip_ds6_compute_reachable_time
                0x0000a1d8                uip_ds6_init
 .text          0x0000a332      0x320 contiki-z1.a(uip-icmp6.o)
                0x0000a332                uip_icmp6_echo_request_input
                0x0000a454                uip_icmp6_error_output
                0x0000a5be                uip_icmp6_send
 .text          0x0000a652      0x586 contiki-z1.a(uip-nd6.o)
                0x0000a67e                uip_nd6_ns_input
                0x0000a8b4                uip_nd6_ns_output
                0x0000aa20                uip_nd6_na_input
 .text          0x0000abd8       0x94 contiki-z1.a(uip-udp-packet.)
                0x0000abd8                uip_udp_packet_send
                0x0000ac06                uip_udp_packet_sendto
 .text          0x0000ac6c     0x14f8 contiki-z1.a(uip6.o)
                0x0000add4                uip_add32
                0x0000ae74                uip_chksum
                0x0000ae90                uip_icmp6chksum
                0x0000ae9a                uip_tcpchksum
                0x0000aea4                uip_udpchksum
                0x0000aeae                uip_init
                0x0000af1a                uip_connect
                0x0000b052                remove_ext_hdr
                0x0000b0aa                uip_udp_new
                0x0000b198                uip_unlisten
                0x0000b1ca                uip_listen
                0x0000b1fe                uip_process
                0x0000c0ec                uip_htons
                0x0000c0fe                uip_htonl
                0x0000c13c                uip_send
 .text          0x0000c164      0x15a contiki-z1.a(collect-view.o)
                0x0000c164                collect_view_construct_message
 .text          0x0000c2be       0x32 contiki-z1.a(collect-view-z1)
                0x0000c2be                collect_view_arch_read_sensors
 .text          0x0000c2f0        0xc contiki-z1.a(contiki-z1-plat)
                0x0000c2f0                init_platform
 .text          0x0000c2fc       0xde contiki-z1.a(msp430.o)
                0x0000c2fc                msp430_init_dco
                0x0000c326                msp430_quick_synch_dco
                0x0000c3ac                msp430_cpu_init
                0x0000c3d2                splhigh_
 .text          0x0000c3da      0x17e contiki-z1.a(leds.o)
                0x0000c4e6                leds_init
                0x0000c4f4                leds_get
                0x0000c4fa                leds_on
                0x0000c50e                leds_off
                0x0000c522                leds_invert
                0x0000c52c                leds_toggle
                0x0000c532                leds_blink
 .text          0x0000c558       0x5c contiki-z1.a(watchdog.o)
                0x0000c558                __isr_26
                0x0000c558                watchdog_interrupt
                0x0000c55e                watchdog_start
                0x0000c572                watchdog_periodic
                0x0000c584                watchdog_stop
                0x0000c59a                watchdog_init
                0x0000c5ae                watchdog_reboot
 .text          0x0000c5b4      0x3b6 contiki-z1.a(xmem.o)
                0x0000c62c                xmem_init
                0x0000c64a                xmem_pread
                0x0000c72c                xmem_pwrite
                0x0000c8a0                xmem_erase
 .text          0x0000c96a       0x38 contiki-z1.a(spi.o)
                0x0000c96a                spi_init
 .text          0x0000c9a2      0xada contiki-z1.a(cc2420.o)
                0x0000ccbc                cc2420_on
                0x0000ccde                cc2420_off
                0x0000cf0a                cc2420_get_channel
                0x0000cf10                cc2420_set_channel
                0x0000cf8a                cc2420_set_pan_addr
                0x0000d0d6                cc2420_interrupt
                0x0000d0f6                cc2420_set_txpower
                0x0000d104                cc2420_get_txpower
                0x0000d2de                cc2420_rssi
                0x0000d342                cc2420_cca_valid
                0x0000d368                cc2420_set_cca_threshold
                0x0000d37e                cc2420_init
                0x0000d468                cc2420_driver
 .text          0x0000d47c       0x1a contiki-z1.a(cc2420-arch.o)
                0x0000d47c                cc2420_arch_init
 .text          0x0000d496       0x96 contiki-z1.a(node-id.o)
                0x0000d496                node_id_restore
                0x0000d4e2                node_id_burn
 .text          0x0000d52c      0x164 contiki-z1.a(sensors.o)
                0x0000d610                sensors_first
                0x0000d616                sensors_next
                0x0000d624                sensors_changed
                0x0000d638                sensors_find
 .text          0x0000d690      0x128 contiki-z1.a(button-sensor.o)
                0x0000d716                irq_p2
                0x0000d716                __isr_19
                0x0000d7b0                button_sensor
 .text          0x0000d7b8       0xf2 contiki-z1.a(uart0.o)
                0x0000d7b8                uart0_active
                0x0000d7c4                uart0_set_input
                0x0000d7ca                uart0_writeb
                0x0000d7e2                uart0_init
                0x0000d828                __isr_23
                0x0000d828                uart0_rx_interrupt
 .text          0x0000d8aa        0xe contiki-z1.a(uart0-putchar.o)
                0x0000d8aa                putchar
 .text          0x0000d8b8      0x164 contiki-z1.a(tmp102.o)
                0x0000d8b8                tmp102_init
                0x0000d8e6                tmp102_write_reg
                0x0000d91e                tmp102_read_reg
                0x0000d97e                tmp102_read_temp_raw
                0x0000d986                tmp102_read_temp_x100
                0x0000d9f0                tmp102_read_temp_simple
 .text          0x0000da1c      0x1a2 contiki-z1.a(i2cmaster.o)
                0x0000da1c                i2c_receiveinit
                0x0000da52                i2c_transmitinit
                0x0000da82                i2c_receive_n
                0x0000dac6                i2c_busy
                0x0000dad0                i2c_enable
                0x0000daf4                i2c_disable
                0x0000db0e                i2c_transmit_n
                0x0000db22                __isr_16
                0x0000db22                i2c_tx_interrupt
                0x0000dba6                i2c_rx_interrupt
                0x0000dba6                __isr_17
 .text          0x0000dbbe      0x350 contiki-z1.a(adxl345.o)
                0x0000dbbe                accm_write_reg
                0x0000dbec                accm_write_stream
                0x0000dc1a                accm_read_reg
                0x0000dcc6                accm_read_stream
                0x0000dd1c                accm_read_axis
                0x0000dd42                accm_set_grange
                0x0000dd66                accm_init
                0x0000ddf6                accm_set_irq
                0x0000de22                port1_isr
                0x0000de22                __isr_18
 .text          0x0000df0e      0x1dc contiki-z1.a(clock.o)
                0x0000df0e                __isr_24
                0x0000df0e                timera1
                0x0000dffc                clock_time
                0x0000e016                clock_set
                0x0000e02c                clock_fine_max
                0x0000e032                clock_fine
                0x0000e03c                clock_init
                0x0000e064                clock_delay
                0x0000e070                clock_wait
                0x0000e0a6                clock_set_seconds
                0x0000e0c2                clock_seconds
                0x0000e0dc                clock_counter
 .text          0x0000e0ea       0x76 contiki-z1.a(leds-arch.o)
                0x0000e0ea                leds_arch_init
                0x0000e0f8                leds_arch_get
                0x0000e126                leds_arch_set
 .text          0x0000e160       0x98 contiki-z1.a(rtimer-arch.o)
                0x0000e160                rtimer_arch_init
                0x0000e16e                rtimer_arch_now
                0x0000e17c                __isr_25
                0x0000e17c                timera0
                0x0000e1f2                rtimer_arch_schedule
 .text          0x0000e1f8       0x14 contiki-z1.a(mac.o)
                0x0000e1f8                mac_call_sent_callback
 .text          0x0000e20c      0x1b6 contiki-z1.a(framer-802154.o)
                0x0000e3be                framer_802154
 .text          0x0000e3c2      0x20c contiki-z1.a(rpl.o)
                0x0000e3c2                rpl_purge_routes
                0x0000e458                rpl_remove_routes
                0x0000e47a                rpl_remove_routes_by_nexthop
                0x0000e4c0                rpl_add_route
                0x0000e506                rpl_link_neighbor_callback
                0x0000e570                rpl_ipv6_neighbor_callback
                0x0000e58e                rpl_init
 .text          0x0000e5ce      0x2e8 contiki-z1.a(rpl-ext-header.)
                0x0000e5ce                rpl_verify_header
                0x0000e67c                rpl_update_header_empty
                0x0000e774                rpl_update_header_final
                0x0000e7f8                rpl_remove_header
                0x0000e842                rpl_invert_header
                0x0000e89e                rpl_insert_header
 .text          0x0000e8b6      0x3d2 contiki-z1.a(frame802154.o)
                0x0000e94e                frame802154_hdrlen
                0x0000e97c                frame802154_create
                0x0000eae8                frame802154_parse
 .text          0x0000ec88        0x0 /usr/lib/gcc/msp430/4.5.3/mcpu-430x/mmpy-16/libgcc.a(_mulsi3.o)
 .text          0x0000ec88        0x0 /usr/lib/gcc/msp430/4.5.3/mcpu-430x/mmpy-16/libgcc.a(_udivmodhi4.o)
 .text          0x0000ec88        0x0 /usr/lib/gcc/msp430/4.5.3/mcpu-430x/mmpy-16/libgcc.a(_divmodhi4.o)
 .text          0x0000ec88        0x0 /usr/lib/gcc/msp430/4.5.3/mcpu-430x/mmpy-16/libgcc.a(_udivmodsi4.o)
 .text          0x0000ec88        0x0 /usr/lib/gcc/msp430/4.5.3/mcpu-430x/mmpy-16/libgcc.a(_divmodsi4.o)
 .text          0x0000ec88       0x30 /usr/lib/gcc/msp430/4.5.3/../../../../msp430/lib/mcpu-430x/mmpy-16/libc.a(strncmp.o)
                0x0000ec88                strncmp
 .text          0x0000ecb8       0x34 /usr/lib/gcc/msp430/4.5.3/../../../../msp430/lib/mcpu-430x/mmpy-16/libc.a(memcmp.o)
                0x0000ecb8                memcmp
 .text          0x0000ecec      0x104 /usr/lib/gcc/msp430/4.5.3/../../../../msp430/lib/mcpu-430x/mmpy-16/libc.a(memcpy.o)
                0x0000ecec                memcpy
 .text          0x0000edf0      0x104 /usr/lib/gcc/msp430/4.5.3/../../../../msp430/lib/mcpu-430x/mmpy-16/libc.a(memmove.o)
                0x0000edf0                memmove
 .text          0x0000eef4       0x66 /usr/lib/gcc/msp430/4.5.3/../../../../msp430/lib/mcpu-430x/mmpy-16/libc.a(memset.o)
                0x0000eef4                memset
 .text          0x0000ef5a       0x20 /usr/lib/gcc/msp430/4.5.3/../../../../msp430/lib/mcpu-430x/mmpy-16/libc.a(printf.o)
                0x0000ef5a                printf
                0x0000ef6c                vprintf
 .text          0x0000ef7a      0x476 /usr/lib/gcc/msp430/4.5.3/../../../../msp430/lib/mcpu-430x/mmpy-16/libc.a(vuprintf.o)
                0x0000f086                vuprintf
 .text          0x0000f3f0       0x2c /usr/lib/gcc/msp430/4.5.3/../../../../msp430/lib/mcpu-430x/mmpy-16/libc.a(puts.o)
                0x0000f3f0                puts
 .text          0x0000f41c      0x134 /usr/lib/gcc/msp430/4.5.3/../../../../msp430/lib/mcpu-430x/mmpy-16/libc.a(rand.o)
                0x0000f41c                rand_r
                0x0000f4b0                rand
                0x0000f546                srand
 .text          0x0000f550        0x0 /usr/lib/gcc/msp430/4.5.3/mcpu-430x/mmpy-16/libcrt0.a(_reset_vector__.o)
 .text          0x0000f550        0x0 /usr/lib/gcc/msp430/4.5.3/mcpu-430x/mmpy-16/libcrt0.a(__init_stack.o)
 .text          0x0000f550        0x0 /usr/lib/gcc/msp430/4.5.3/mcpu-430x/mmpy-16/libcrt0.a(__low_level_init.o)
 .text          0x0000f550        0x0 /usr/lib/gcc/msp430/4.5.3/mcpu-430x/mmpy-16/libcrt0.a(_copy_data.o)
 .text          0x0000f550        0x0 /usr/lib/gcc/msp430/4.5.3/mcpu-430x/mmpy-16/libcrt0.a(_clear_bss.o)
 .text          0x0000f550        0x0 /usr/lib/gcc/msp430/4.5.3/mcpu-430x/mmpy-16/libcrt0.a(__stop_progExec__.o)
 .text          0x0000f550        0x0 /usr/lib/gcc/msp430/4.5.3/mcpu-430x/mmpy-16/libcrt0.a(_endless_loop__.o)
 .text          0x0000f550        0x0 /usr/lib/gcc/msp430/4.5.3/mcpu-430x/mmpy-16/libcrt0.a(_unexpected_.o)
                0x0000f550                . = ALIGN (0x2)
 *(.text.*)
 .text.crt0     0x0000f550        0x0 /usr/lib/gcc/msp430/4.5.3/mcpu-430x/mmpy-16/crt0ivtbl32.o
 .text.libgcc   0x0000f550       0x20 /usr/lib/gcc/msp430/4.5.3/mcpu-430x/mmpy-16/libgcc.a(_mulsi3.o)
                0x0000f550                __mulsi3
 .text.libgcc   0x0000f570       0x1c /usr/lib/gcc/msp430/4.5.3/mcpu-430x/mmpy-16/libgcc.a(_udivmodhi4.o)
                0x0000f570                __udivmodhi4
 .text.libgcc   0x0000f58c       0x36 /usr/lib/gcc/msp430/4.5.3/mcpu-430x/mmpy-16/libgcc.a(_divmodhi4.o)
                0x0000f58c                __divmodhi4
 .text.libgcc   0x0000f5c2       0x2a /usr/lib/gcc/msp430/4.5.3/mcpu-430x/mmpy-16/libgcc.a(_udivmodsi4.o)
                0x0000f5c2                __udivmodsi4
 .text.libgcc   0x0000f5ec       0x4a /usr/lib/gcc/msp430/4.5.3/mcpu-430x/mmpy-16/libgcc.a(_divmodsi4.o)
                0x0000f5ec                __divmodsi4
 .text.crt0     0x0000f636        0x2 /usr/lib/gcc/msp430/4.5.3/mcpu-430x/mmpy-16/libcrt0.a(_unexpected_.o)
                0x0000f636                _unexpected_

.rodata         0x0000f638        0x0
                0x0000f638                . = ALIGN (0x2)
 *(.rodata .rodata.* .gnu.linkonce.r.*)
                0x0000f638                . = ALIGN (0x2)
                0x0000f638                _etext = .

.data           0x00001100       0xfe load address 0x0000f638
                0x00001100                . = ALIGN (0x2)
                0x00001100                PROVIDE (__data_start, .)
 *(.data)
 .data          0x00001100        0x0 /usr/lib/gcc/msp430/4.5.3/mcpu-430x/mmpy-16/crt0ivtbl32.o
 .data          0x00001100        0xa udp-sender.co
                0x00001100                udp_client_process
 .data          0x0000110a        0xc obj_z1/collect-common.o
                0x0000110a                collect_common_process
 .data          0x00001116        0x4 obj_z1/contiki-z1-main.o
                0x00001116                sensors
 .data          0x0000111a        0x0 contiki-z1.a(rimeaddr.o)
 .data          0x0000111a       0x18 contiki-z1.a(csma.o)
 .data          0x00001132        0x0 contiki-z1.a(contikimac.o)
 .data          0x00001132       0x10 contiki-z1.a(phase.o)
 .data          0x00001142        0x8 contiki-z1.a(rpl-dag.o)
 .data          0x0000114a        0x1 contiki-z1.a(rpl-icmp6.o)
 .data          0x0000114b        0x0 contiki-z1.a(rpl-timers.o)
 *fill*         0x0000114b        0x1 00
 .data          0x0000114c        0xe contiki-z1.a(rpl-mrhof.o)
                0x0000114c                rpl_mrhof
 .data          0x0000115a        0x0 contiki-z1.a(process.o)
 .data          0x0000115a        0x0 contiki-z1.a(autostart.o)
 .data          0x0000115a        0xa contiki-z1.a(serial-line.o)
                0x0000115a                serial_line_process
 .data          0x00001164        0x0 contiki-z1.a(memb.o)
 .data          0x00001164        0x0 contiki-z1.a(timer.o)
 .data          0x00001164        0x0 contiki-z1.a(list.o)
 .data          0x00001164        0xa contiki-z1.a(etimer.o)
                0x00001164                etimer_process
 .data          0x0000116e        0xa contiki-z1.a(ctimer.o)
                0x0000116e                ctimer_process
 .data          0x00001178        0x0 contiki-z1.a(energest.o)
 .data          0x00001178        0x0 contiki-z1.a(rtimer.o)
 .data          0x00001178        0x0 contiki-z1.a(stimer.o)
 .data          0x00001178        0x0 contiki-z1.a(random.o)
 .data          0x00001178        0x0 contiki-z1.a(ringbuf.o)
 .data          0x00001178        0x8 contiki-z1.a(nbr-table.o)
 .data          0x00001180        0x0 contiki-z1.a(packetbuf.o)
 .data          0x00001180       0x18 contiki-z1.a(queuebuf.o)
 .data          0x00001198        0x0 contiki-z1.a(sicslowpan.o)
 .data          0x00001198        0xa contiki-z1.a(tcpip.o)
                0x00001198                tcpip_process
 .data          0x000011a2        0x0 contiki-z1.a(uip-debug.o)
 .data          0x000011a2       0x18 contiki-z1.a(uip-ds6-route.o)
 .data          0x000011ba        0xa contiki-z1.a(uip-ds6-nbr.o)
                0x000011ba                ds6_neighbors
 .data          0x000011c4        0x0 contiki-z1.a(uip-ds6.o)
 .data          0x000011c4        0x0 contiki-z1.a(uip-icmp6.o)
 .data          0x000011c4        0x0 contiki-z1.a(uip-nd6.o)
 .data          0x000011c4        0x0 contiki-z1.a(uip-udp-packet.)
 .data          0x000011c4        0x0 contiki-z1.a(uip6.o)
 .data          0x000011c4        0x0 contiki-z1.a(collect-view.o)
 .data          0x000011c4        0x0 contiki-z1.a(collect-view-z1)
 .data          0x000011c4        0x0 contiki-z1.a(contiki-z1-plat)
 .data          0x000011c4        0x2 contiki-z1.a(msp430.o)
 .data          0x000011c6        0x0 contiki-z1.a(leds.o)
 .data          0x000011c6        0x0 contiki-z1.a(watchdog.o)
 .data          0x000011c6        0x0 contiki-z1.a(xmem.o)
 .data          0x000011c6        0x0 contiki-z1.a(spi.o)
 .data          0x000011c6        0xa contiki-z1.a(cc2420.o)
                0x000011c6                cc2420_process
 .data          0x000011d0        0x0 contiki-z1.a(cc2420-arch.o)
 .data          0x000011d0        0x0 contiki-z1.a(node-id.o)
 .data          0x000011d0        0xa contiki-z1.a(sensors.o)
                0x000011d0                sensors_process
 .data          0x000011da        0x0 contiki-z1.a(button-sensor.o)
 .data          0x000011da        0x0 contiki-z1.a(uart0.o)
 .data          0x000011da        0x0 contiki-z1.a(uart0-putchar.o)
 .data          0x000011da        0x0 contiki-z1.a(tmp102.o)
 .data          0x000011da        0x0 contiki-z1.a(i2cmaster.o)
 .data          0x000011da       0x20 contiki-z1.a(adxl345.o)
                0x000011da                accmeter_process
 .data          0x000011fa        0x0 contiki-z1.a(clock.o)
 .data          0x000011fa        0x0 contiki-z1.a(leds-arch.o)
 .data          0x000011fa        0x0 contiki-z1.a(rtimer-arch.o)
 .data          0x000011fa        0x0 contiki-z1.a(mac.o)
 .data          0x000011fa        0x0 contiki-z1.a(framer-802154.o)
 .data          0x000011fa        0x0 contiki-z1.a(rpl.o)
 .data          0x000011fa        0x0 contiki-z1.a(rpl-ext-header.)
 .data          0x000011fa        0x0 contiki-z1.a(frame802154.o)
 .data          0x000011fa        0x0 /usr/lib/gcc/msp430/4.5.3/mcpu-430x/mmpy-16/libgcc.a(_mulsi3.o)
 .data          0x000011fa        0x0 /usr/lib/gcc/msp430/4.5.3/mcpu-430x/mmpy-16/libgcc.a(_udivmodhi4.o)
 .data          0x000011fa        0x0 /usr/lib/gcc/msp430/4.5.3/mcpu-430x/mmpy-16/libgcc.a(_divmodhi4.o)
 .data          0x000011fa        0x0 /usr/lib/gcc/msp430/4.5.3/mcpu-430x/mmpy-16/libgcc.a(_udivmodsi4.o)
 .data          0x000011fa        0x0 /usr/lib/gcc/msp430/4.5.3/mcpu-430x/mmpy-16/libgcc.a(_divmodsi4.o)
 .data          0x000011fa        0x0 /usr/lib/gcc/msp430/4.5.3/../../../../msp430/lib/mcpu-430x/mmpy-16/libc.a(strncmp.o)
 .data          0x000011fa        0x0 /usr/lib/gcc/msp430/4.5.3/../../../../msp430/lib/mcpu-430x/mmpy-16/libc.a(memcmp.o)
 .data          0x000011fa        0x0 /usr/lib/gcc/msp430/4.5.3/../../../../msp430/lib/mcpu-430x/mmpy-16/libc.a(memcpy.o)
 .data          0x000011fa        0x0 /usr/lib/gcc/msp430/4.5.3/../../../../msp430/lib/mcpu-430x/mmpy-16/libc.a(memmove.o)
 .data          0x000011fa        0x0 /usr/lib/gcc/msp430/4.5.3/../../../../msp430/lib/mcpu-430x/mmpy-16/libc.a(memset.o)
 .data          0x000011fa        0x0 /usr/lib/gcc/msp430/4.5.3/../../../../msp430/lib/mcpu-430x/mmpy-16/libc.a(printf.o)
 .data          0x000011fa        0x0 /usr/lib/gcc/msp430/4.5.3/../../../../msp430/lib/mcpu-430x/mmpy-16/libc.a(vuprintf.o)
 .data          0x000011fa        0x0 /usr/lib/gcc/msp430/4.5.3/../../../../msp430/lib/mcpu-430x/mmpy-16/libc.a(puts.o)
 .data          0x000011fa        0x4 /usr/lib/gcc/msp430/4.5.3/../../../../msp430/lib/mcpu-430x/mmpy-16/libc.a(rand.o)
 .data          0x000011fe        0x0 /usr/lib/gcc/msp430/4.5.3/mcpu-430x/mmpy-16/libcrt0.a(_reset_vector__.o)
 .data          0x000011fe        0x0 /usr/lib/gcc/msp430/4.5.3/mcpu-430x/mmpy-16/libcrt0.a(__init_stack.o)
 .data          0x000011fe        0x0 /usr/lib/gcc/msp430/4.5.3/mcpu-430x/mmpy-16/libcrt0.a(__low_level_init.o)
 .data          0x000011fe        0x0 /usr/lib/gcc/msp430/4.5.3/mcpu-430x/mmpy-16/libcrt0.a(_copy_data.o)
 .data          0x000011fe        0x0 /usr/lib/gcc/msp430/4.5.3/mcpu-430x/mmpy-16/libcrt0.a(_clear_bss.o)
 .data          0x000011fe        0x0 /usr/lib/gcc/msp430/4.5.3/mcpu-430x/mmpy-16/libcrt0.a(__stop_progExec__.o)
 .data          0x000011fe        0x0 /usr/lib/gcc/msp430/4.5.3/mcpu-430x/mmpy-16/libcrt0.a(_endless_loop__.o)
 .data          0x000011fe        0x0 /usr/lib/gcc/msp430/4.5.3/mcpu-430x/mmpy-16/libcrt0.a(_unexpected_.o)
 *(SORT(.data.*))
                0x000011fe                . = ALIGN (0x2)
 *(.gnu.linkonce.d*)
                0x000011fe                . = ALIGN (0x2)
                0x000011fe                _edata = .
                0x0000f638                PROVIDE (__data_load_start, LOADADDR (.data))
                0x000000fe                PROVIDE (__data_size, SIZEOF (.data))

.bss            0x000011fe     0x16c3 load address 0x0000f736
                0x000011fe                PROVIDE (__bss_start, .)
 *(.bss)
 .bss           0x000011fe        0x0 /usr/lib/gcc/msp430/4.5.3/mcpu-430x/mmpy-16/crt0ivtbl32.o
 .bss           0x000011fe       0x16 udp-sender.co
                0x000011fe                Tx
 .bss           0x00001214       0x1c obj_z1/collect-common.o
 .bss           0x00001230        0x4 obj_z1/contiki-z1-main.o
 .bss           0x00001234        0x0 contiki-z1.a(rimeaddr.o)
 .bss           0x00001234       0x8a contiki-z1.a(csma.o)
 .bss           0x000012be       0xd0 contiki-z1.a(contikimac.o)
 .bss           0x0000138e      0x19c contiki-z1.a(phase.o)
 .bss           0x0000152a      0x10e contiki-z1.a(rpl-dag.o)
 .bss           0x00001638        0x0 contiki-z1.a(rpl-icmp6.o)
 .bss           0x00001638       0x18 contiki-z1.a(rpl-timers.o)
 .bss           0x00001650        0x0 contiki-z1.a(rpl-mrhof.o)
 .bss           0x00001650       0x42 contiki-z1.a(process.o)
                0x00001650                process_list
                0x00001652                process_current
 .bss           0x00001692        0x0 contiki-z1.a(autostart.o)
 .bss           0x00001692      0x10a contiki-z1.a(serial-line.o)
 .bss           0x0000179c        0x0 contiki-z1.a(memb.o)
 .bss           0x0000179c        0x0 contiki-z1.a(timer.o)
 .bss           0x0000179c        0x0 contiki-z1.a(list.o)
 .bss           0x0000179c        0x6 contiki-z1.a(etimer.o)
 .bss           0x000017a2        0x4 contiki-z1.a(ctimer.o)
 .bss           0x000017a6        0x0 contiki-z1.a(energest.o)
 .bss           0x000017a6        0x2 contiki-z1.a(rtimer.o)
 .bss           0x000017a8        0x0 contiki-z1.a(stimer.o)
 .bss           0x000017a8        0x0 contiki-z1.a(random.o)
 .bss           0x000017a8        0x0 contiki-z1.a(ringbuf.o)
 .bss           0x000017a8       0xda contiki-z1.a(nbr-table.o)
 .bss           0x00001882       0xba contiki-z1.a(packetbuf.o)
 .bss           0x0000193c      0x3c6 contiki-z1.a(queuebuf.o)
 .bss           0x00001d02       0xbe contiki-z1.a(sicslowpan.o)
 .bss           0x00001dc0       0x36 contiki-z1.a(tcpip.o)
 .bss           0x00001df6        0x0 contiki-z1.a(uip-debug.o)
 .bss           0x00001df6      0x24e contiki-z1.a(uip-ds6-route.o)
 .bss           0x00002044      0x21c contiki-z1.a(uip-ds6-nbr.o)
 .bss           0x00002260       0x18 contiki-z1.a(uip-ds6.o)
 .bss           0x00002278       0x10 contiki-z1.a(uip-icmp6.o)
 .bss           0x00002288        0xa contiki-z1.a(uip-nd6.o)
 .bss           0x00002292        0x0 contiki-z1.a(uip-udp-packet.)
 .bss           0x00002292       0x10 contiki-z1.a(uip6.o)
                0x00002292                uip_ext_bitmap
                0x00002294                uip_ext_len
                0x00002296                uip_ext_opt_offset
 .bss           0x000022a2       0x10 contiki-z1.a(collect-view.o)
 .bss           0x000022b2        0x2 contiki-z1.a(collect-view-z1)
 .bss           0x000022b4        0x0 contiki-z1.a(contiki-z1-plat)
 .bss           0x000022b4        0x0 contiki-z1.a(msp430.o)
 .bss           0x000022b4        0x2 contiki-z1.a(leds.o)
 .bss           0x000022b6        0x2 contiki-z1.a(watchdog.o)
 .bss           0x000022b8        0x0 contiki-z1.a(xmem.o)
 .bss           0x000022b8        0x2 contiki-z1.a(spi.o)
                0x000022b8                spi_busy
 .bss           0x000022ba        0xa contiki-z1.a(cc2420.o)
 .bss           0x000022c4        0x0 contiki-z1.a(cc2420-arch.o)
 .bss           0x000022c4        0x2 contiki-z1.a(node-id.o)
                0x000022c4                node_id
 .bss           0x000022c6        0x6 contiki-z1.a(sensors.o)
 .bss           0x000022cc        0x8 contiki-z1.a(button-sensor.o)
 .bss           0x000022d4        0x4 contiki-z1.a(uart0.o)
 .bss           0x000022d8        0x0 contiki-z1.a(uart0-putchar.o)
 .bss           0x000022d8        0x2 contiki-z1.a(tmp102.o)
 .bss           0x000022da        0x2 contiki-z1.a(i2cmaster.o)
 .bss           0x000022dc       0x16 contiki-z1.a(adxl345.o)
 .bss           0x000022f2        0xa contiki-z1.a(clock.o)
 .bss           0x000022fc        0x0 contiki-z1.a(leds-arch.o)
 .bss           0x000022fc        0x0 contiki-z1.a(rtimer-arch.o)
 .bss           0x000022fc        0x0 contiki-z1.a(mac.o)
 .bss           0x000022fc        0x2 contiki-z1.a(framer-802154.o)
 .bss           0x000022fe        0x0 contiki-z1.a(rpl.o)
 .bss           0x000022fe        0x0 contiki-z1.a(rpl-ext-header.)
 .bss           0x000022fe        0x0 contiki-z1.a(frame802154.o)
 .bss           0x000022fe        0x0 /usr/lib/gcc/msp430/4.5.3/mcpu-430x/mmpy-16/libgcc.a(_mulsi3.o)
 .bss           0x000022fe        0x0 /usr/lib/gcc/msp430/4.5.3/mcpu-430x/mmpy-16/libgcc.a(_udivmodhi4.o)
 .bss           0x000022fe        0x0 /usr/lib/gcc/msp430/4.5.3/mcpu-430x/mmpy-16/libgcc.a(_divmodhi4.o)
 .bss           0x000022fe        0x0 /usr/lib/gcc/msp430/4.5.3/mcpu-430x/mmpy-16/libgcc.a(_udivmodsi4.o)
 .bss           0x000022fe        0x0 /usr/lib/gcc/msp430/4.5.3/mcpu-430x/mmpy-16/libgcc.a(_divmodsi4.o)
 .bss           0x000022fe        0x0 /usr/lib/gcc/msp430/4.5.3/../../../../msp430/lib/mcpu-430x/mmpy-16/libc.a(strncmp.o)
 .bss           0x000022fe        0x0 /usr/lib/gcc/msp430/4.5.3/../../../../msp430/lib/mcpu-430x/mmpy-16/libc.a(memcmp.o)
 .bss           0x000022fe        0x0 /usr/lib/gcc/msp430/4.5.3/../../../../msp430/lib/mcpu-430x/mmpy-16/libc.a(memcpy.o)
 .bss           0x000022fe        0x0 /usr/lib/gcc/msp430/4.5.3/../../../../msp430/lib/mcpu-430x/mmpy-16/libc.a(memmove.o)
 .bss           0x000022fe        0x0 /usr/lib/gcc/msp430/4.5.3/../../../../msp430/lib/mcpu-430x/mmpy-16/libc.a(memset.o)
 .bss           0x000022fe        0x0 /usr/lib/gcc/msp430/4.5.3/../../../../msp430/lib/mcpu-430x/mmpy-16/libc.a(printf.o)
 .bss           0x000022fe        0x0 /usr/lib/gcc/msp430/4.5.3/../../../../msp430/lib/mcpu-430x/mmpy-16/libc.a(vuprintf.o)
 .bss           0x000022fe        0x0 /usr/lib/gcc/msp430/4.5.3/../../../../msp430/lib/mcpu-430x/mmpy-16/libc.a(puts.o)
 .bss           0x000022fe        0x0 /usr/lib/gcc/msp430/4.5.3/../../../../msp430/lib/mcpu-430x/mmpy-16/libc.a(rand.o)
 .bss           0x000022fe        0x0 /usr/lib/gcc/msp430/4.5.3/mcpu-430x/mmpy-16/libcrt0.a(_reset_vector__.o)
 .bss           0x000022fe        0x0 /usr/lib/gcc/msp430/4.5.3/mcpu-430x/mmpy-16/libcrt0.a(__init_stack.o)
 .bss           0x000022fe        0x0 /usr/lib/gcc/msp430/4.5.3/mcpu-430x/mmpy-16/libcrt0.a(__low_level_init.o)
 .bss           0x000022fe        0x0 /usr/lib/gcc/msp430/4.5.3/mcpu-430x/mmpy-16/libcrt0.a(_copy_data.o)
 .bss           0x000022fe        0x0 /usr/lib/gcc/msp430/4.5.3/mcpu-430x/mmpy-16/libcrt0.a(_clear_bss.o)
 .bss           0x000022fe        0x0 /usr/lib/gcc/msp430/4.5.3/mcpu-430x/mmpy-16/libcrt0.a(__stop_progExec__.o)
 .bss           0x000022fe        0x0 /usr/lib/gcc/msp430/4.5.3/mcpu-430x/mmpy-16/libcrt0.a(_endless_loop__.o)
 .bss           0x000022fe        0x0 /usr/lib/gcc/msp430/4.5.3/mcpu-430x/mmpy-16/libcrt0.a(_unexpected_.o)
 *(SORT(.bss.*))
 *(COMMON)
 COMMON         0x000022fe       0x17 udp-sender.co
                0x000022fe                dag
                0x00002300                num_neighbors
                0x00002302                parent
                0x0000230a                parent_etx
                0x0000230c                rtmetric
                0x0000230e                beacon_interval
                0x00002310                preferred_parent
                0x00002312                current
                0x00002314                Parents_RSSI
 *fill*         0x00002315        0x1 00
 COMMON         0x00002316        0x2 obj_z1/contiki-z1-main.o
                0x00002316                sensors_flags
 COMMON         0x00002318        0x8 contiki-z1.a(rimeaddr.o)
                0x00002318                rimeaddr_node_addr
 COMMON         0x00002320       0xbe contiki-z1.a(rpl-dag.o)
                0x00002320                default_instance
                0x00002322                instance_table
 COMMON         0x000023de        0x1 contiki-z1.a(process.o)
                0x000023de                process_maxevents
 COMMON         0x000023df        0x1 contiki-z1.a(serial-line.o)
                0x000023df                serial_line_event_message
 COMMON         0x000023e0       0x56 contiki-z1.a(energest.o)
                0x000023e0                energest_total_time
                0x00002410                energest_total_count
                0x00002412                energest_current_mode
                0x0000241e                energest_current_time
 COMMON         0x00002436       0x50 contiki-z1.a(packetbuf.o)
                0x00002436                packetbuf_addrs
                0x00002456                packetbuf_attrs
 COMMON         0x00002486        0x8 contiki-z1.a(sicslowpan.o)
                0x00002486                frag_sender
 COMMON         0x0000248e        0x1 contiki-z1.a(tcpip.o)
                0x0000248e                tcpip_event
 *fill*         0x0000248f        0x1 00
 COMMON         0x00002490      0x15c contiki-z1.a(uip-ds6.o)
                0x00002490                uip_ds6_timer_ra
                0x00002498                uip_ds6_if
                0x00002584                uip_ds6_netif_addr_list_offset
                0x00002585                uip_ds6_addr_size
                0x00002586                uip_ds6_prefix_list
                0x000025e0                uip_ds6_timer_periodic
 COMMON         0x000025ec      0x2a0 contiki-z1.a(uip6.o)
                0x000025ec                uip_len
                0x000025ee                uip_sappdata
                0x000025f0                uip_acc32
                0x000025f4                uip_lladdr
                0x000025fc                uip_aligned_buf
                0x00002688                uip_flags
                0x0000268a                uip_next_hdr
                0x0000268c                uip_udp_conn
                0x0000268e                uip_appdata
                0x00002690                uip_conn
                0x00002692                uip_conns
                0x00002742                uip_listenports
                0x00002752                uip_slen
                0x00002754                uip_udp_conns
 COMMON         0x0000288c       0x14 contiki-z1.a(cc2420.o)
                0x0000288c                cc2420_last_rssi
                0x0000288e                cc2420_packets_read
                0x00002890                cc2420_packets_seen
                0x00002892                cc2420_sfd_start_time
                0x00002894                cc2420_time_of_departure
                0x00002896                cc2420_time_of_arrival
                0x00002898                cc2420_last_correlation
                0x0000289a                cc2420_authority_level_of_sender
                0x0000289c                cc2420_sfd_counter
                0x0000289e                cc2420_sfd_end_time
 COMMON         0x000028a0        0x8 contiki-z1.a(node-id.o)
                0x000028a0                node_mac
 COMMON         0x000028a8        0x1 contiki-z1.a(sensors.o)
                0x000028a8                sensors_event
 *fill*         0x000028a9        0x1 00
 COMMON         0x000028aa       0x10 contiki-z1.a(i2cmaster.o)
                0x000028aa                transmit_data1
                0x000028ab                rx_byte_ctr
                0x000028ac                tx_buf_ptr
                0x000028ae                tx_byte_ctr
                0x000028b0                i
                0x000028b2                receive_data
                0x000028b4                rx_buf
                0x000028b6                transmit_data2
                0x000028b8                rx_buf_ptr
 COMMON         0x000028ba        0x7 contiki-z1.a(adxl345.o)
                0x000028ba                accm_int2_cb
                0x000028bc                int2_event
                0x000028be                accm_int1_cb
                0x000028c0                int1_event
                0x000028c1                PROVIDE (__bss_end, .)
                0x000028c1                _end = .
                0x000016c3                PROVIDE (__bss_size, SIZEOF (.bss))

.noinit         0x000028c1        0x0 load address 0x0000f736
                0x000028c1                PROVIDE (__noinit_start, .)
 *(.noinit)
 *(.noinit.*)
 *(COMMON)
                0x000028c1                PROVIDE (__noinit_end, .)
                0x000028c1                _end = .

.infomem        0x00001000        0x0
 *(.infomem)
                0x00001000                . = ALIGN (0x2)
 *(.infomem.*)

.infomemnobits  0x00001000        0x0
                0x00001000                . = ALIGN (0x2)
 *(.infomemnobits)
                0x00001000                . = ALIGN (0x2)
 *(.infomemnobits.*)

.vectors        0x0000ffc0       0x40
                0x0000ffc0                PROVIDE (__vectors_start, .)
 *(.vectors*)
 .vectors       0x0000ffc0       0x40 /usr/lib/gcc/msp430/4.5.3/mcpu-430x/mmpy-16/crt0ivtbl32.o
                0x0000ffc0                __ivtbl_32
                0x00010000                _vectors_end = .

.fartext        0x00010000        0x0
                0x00010000                . = ALIGN (0x2)
 *(.fartext)
                0x00010000                . = ALIGN (0x2)
 *(.fartext.*)
                0x00010000                _efartext = .

.profiler
 *(.profiler)

.stab
 *(.stab)

.stabstr
 *(.stabstr)

.stab.excl
 *(.stab.excl)

.stab.exclstr
 *(.stab.exclstr)

.stab.index
 *(.stab.index)

.stab.indexstr
 *(.stab.indexstr)

.comment
 *(.comment)

.debug
 *(.debug)

.line
 *(.line)

.debug_srcinfo
 *(.debug_srcinfo)

.debug_sfnames
 *(.debug_sfnames)

.debug_aranges  0x00000000      0x190
 *(.debug_aranges)
 .debug_aranges
                0x00000000       0x14 /usr/lib/gcc/msp430/4.5.3/mcpu-430x/mmpy-16/libgcc.a(_mulsi3.o)
 .debug_aranges
                0x00000014       0x14 /usr/lib/gcc/msp430/4.5.3/mcpu-430x/mmpy-16/libgcc.a(_udivmodhi4.o)
 .debug_aranges
                0x00000028       0x14 /usr/lib/gcc/msp430/4.5.3/mcpu-430x/mmpy-16/libgcc.a(_divmodhi4.o)
 .debug_aranges
                0x0000003c       0x14 /usr/lib/gcc/msp430/4.5.3/mcpu-430x/mmpy-16/libgcc.a(_udivmodsi4.o)
 .debug_aranges
                0x00000050       0x14 /usr/lib/gcc/msp430/4.5.3/mcpu-430x/mmpy-16/libgcc.a(_divmodsi4.o)
 .debug_aranges
                0x00000064       0x14 /usr/lib/gcc/msp430/4.5.3/../../../../msp430/lib/mcpu-430x/mmpy-16/libc.a(strncmp.o)
 .debug_aranges
                0x00000078       0x14 /usr/lib/gcc/msp430/4.5.3/../../../../msp430/lib/mcpu-430x/mmpy-16/libc.a(memcmp.o)
 .debug_aranges
                0x0000008c       0x14 /usr/lib/gcc/msp430/4.5.3/../../../../msp430/lib/mcpu-430x/mmpy-16/libc.a(memcpy.o)
 .debug_aranges
                0x000000a0       0x14 /usr/lib/gcc/msp430/4.5.3/../../../../msp430/lib/mcpu-430x/mmpy-16/libc.a(memmove.o)
 .debug_aranges
                0x000000b4       0x14 /usr/lib/gcc/msp430/4.5.3/../../../../msp430/lib/mcpu-430x/mmpy-16/libc.a(memset.o)
 .debug_aranges
                0x000000c8       0x14 /usr/lib/gcc/msp430/4.5.3/../../../../msp430/lib/mcpu-430x/mmpy-16/libc.a(printf.o)
 .debug_aranges
                0x000000dc       0x14 /usr/lib/gcc/msp430/4.5.3/../../../../msp430/lib/mcpu-430x/mmpy-16/libc.a(vuprintf.o)
 .debug_aranges
                0x000000f0       0x14 /usr/lib/gcc/msp430/4.5.3/../../../../msp430/lib/mcpu-430x/mmpy-16/libc.a(puts.o)
 .debug_aranges
                0x00000104       0x14 /usr/lib/gcc/msp430/4.5.3/../../../../msp430/lib/mcpu-430x/mmpy-16/libc.a(rand.o)
 .debug_aranges
                0x00000118       0x14 /usr/lib/gcc/msp430/4.5.3/mcpu-430x/mmpy-16/libcrt0.a(__init_stack.o)
 .debug_aranges
                0x0000012c       0x14 /usr/lib/gcc/msp430/4.5.3/mcpu-430x/mmpy-16/libcrt0.a(__low_level_init.o)
 .debug_aranges
                0x00000140       0x14 /usr/lib/gcc/msp430/4.5.3/mcpu-430x/mmpy-16/libcrt0.a(_copy_data.o)
 .debug_aranges
                0x00000154       0x14 /usr/lib/gcc/msp430/4.5.3/mcpu-430x/mmpy-16/libcrt0.a(_clear_bss.o)
 .debug_aranges
                0x00000168       0x14 /usr/lib/gcc/msp430/4.5.3/mcpu-430x/mmpy-16/libcrt0.a(_endless_loop__.o)
 .debug_aranges
                0x0000017c       0x14 /usr/lib/gcc/msp430/4.5.3/mcpu-430x/mmpy-16/libcrt0.a(_unexpected_.o)

.debug_pubnames
                0x00000000      0x126
 *(.debug_pubnames)
 .debug_pubnames
                0x00000000       0x1e /usr/lib/gcc/msp430/4.5.3/../../../../msp430/lib/mcpu-430x/mmpy-16/libc.a(strncmp.o)
 .debug_pubnames
                0x0000001e       0x1d /usr/lib/gcc/msp430/4.5.3/../../../../msp430/lib/mcpu-430x/mmpy-16/libc.a(memcmp.o)
 .debug_pubnames
                0x0000003b       0x1d /usr/lib/gcc/msp430/4.5.3/../../../../msp430/lib/mcpu-430x/mmpy-16/libc.a(memcpy.o)
 .debug_pubnames
                0x00000058       0x1e /usr/lib/gcc/msp430/4.5.3/../../../../msp430/lib/mcpu-430x/mmpy-16/libc.a(memmove.o)
 .debug_pubnames
                0x00000076       0x1d /usr/lib/gcc/msp430/4.5.3/../../../../msp430/lib/mcpu-430x/mmpy-16/libc.a(memset.o)
 .debug_pubnames
                0x00000093       0x29 /usr/lib/gcc/msp430/4.5.3/../../../../msp430/lib/mcpu-430x/mmpy-16/libc.a(printf.o)
 .debug_pubnames
                0x000000bc       0x1f /usr/lib/gcc/msp430/4.5.3/../../../../msp430/lib/mcpu-430x/mmpy-16/libc.a(vuprintf.o)
 .debug_pubnames
                0x000000db       0x1b /usr/lib/gcc/msp430/4.5.3/../../../../msp430/lib/mcpu-430x/mmpy-16/libc.a(puts.o)
 .debug_pubnames
                0x000000f6       0x30 /usr/lib/gcc/msp430/4.5.3/../../../../msp430/lib/mcpu-430x/mmpy-16/libc.a(rand.o)

.debug_info     0x00000000     0x1403
 *(.debug_info)
 .debug_info    0x00000000       0xe1 /usr/lib/gcc/msp430/4.5.3/mcpu-430x/mmpy-16/libgcc.a(_mulsi3.o)
 .debug_info    0x000000e1       0xe1 /usr/lib/gcc/msp430/4.5.3/mcpu-430x/mmpy-16/libgcc.a(_udivmodhi4.o)
 .debug_info    0x000001c2       0xe1 /usr/lib/gcc/msp430/4.5.3/mcpu-430x/mmpy-16/libgcc.a(_divmodhi4.o)
 .debug_info    0x000002a3       0xe1 /usr/lib/gcc/msp430/4.5.3/mcpu-430x/mmpy-16/libgcc.a(_udivmodsi4.o)
 .debug_info    0x00000384       0xe1 /usr/lib/gcc/msp430/4.5.3/mcpu-430x/mmpy-16/libgcc.a(_divmodsi4.o)
 .debug_info    0x00000465       0xbd /usr/lib/gcc/msp430/4.5.3/../../../../msp430/lib/mcpu-430x/mmpy-16/libc.a(strncmp.o)
 .debug_info    0x00000522       0xe2 /usr/lib/gcc/msp430/4.5.3/../../../../msp430/lib/mcpu-430x/mmpy-16/libc.a(memcmp.o)
 .debug_info    0x00000604      0x113 /usr/lib/gcc/msp430/4.5.3/../../../../msp430/lib/mcpu-430x/mmpy-16/libc.a(memcpy.o)
 .debug_info    0x00000717      0x113 /usr/lib/gcc/msp430/4.5.3/../../../../msp430/lib/mcpu-430x/mmpy-16/libc.a(memmove.o)
 .debug_info    0x0000082a       0xfe /usr/lib/gcc/msp430/4.5.3/../../../../msp430/lib/mcpu-430x/mmpy-16/libc.a(memset.o)
 .debug_info    0x00000928      0x103 /usr/lib/gcc/msp430/4.5.3/../../../../msp430/lib/mcpu-430x/mmpy-16/libc.a(printf.o)
 .debug_info    0x00000a2b      0x3b5 /usr/lib/gcc/msp430/4.5.3/../../../../msp430/lib/mcpu-430x/mmpy-16/libc.a(vuprintf.o)
 .debug_info    0x00000de0       0x96 /usr/lib/gcc/msp430/4.5.3/../../../../msp430/lib/mcpu-430x/mmpy-16/libc.a(puts.o)
 .debug_info    0x00000e76      0x137 /usr/lib/gcc/msp430/4.5.3/../../../../msp430/lib/mcpu-430x/mmpy-16/libc.a(rand.o)
 .debug_info    0x00000fad       0xb9 /usr/lib/gcc/msp430/4.5.3/mcpu-430x/mmpy-16/libcrt0.a(__init_stack.o)
 .debug_info    0x00001066       0xb9 /usr/lib/gcc/msp430/4.5.3/mcpu-430x/mmpy-16/libcrt0.a(__low_level_init.o)
 .debug_info    0x0000111f       0xb9 /usr/lib/gcc/msp430/4.5.3/mcpu-430x/mmpy-16/libcrt0.a(_copy_data.o)
 .debug_info    0x000011d8       0xb9 /usr/lib/gcc/msp430/4.5.3/mcpu-430x/mmpy-16/libcrt0.a(_clear_bss.o)
 .debug_info    0x00001291       0xb9 /usr/lib/gcc/msp430/4.5.3/mcpu-430x/mmpy-16/libcrt0.a(_endless_loop__.o)
 .debug_info    0x0000134a       0xb9 /usr/lib/gcc/msp430/4.5.3/mcpu-430x/mmpy-16/libcrt0.a(_unexpected_.o)
 *(.gnu.linkonce.wi.*)

.debug_abbrev   0x00000000      0x763
 *(.debug_abbrev)
 .debug_abbrev  0x00000000       0x14 /usr/lib/gcc/msp430/4.5.3/mcpu-430x/mmpy-16/libgcc.a(_mulsi3.o)
 .debug_abbrev  0x00000014       0x14 /usr/lib/gcc/msp430/4.5.3/mcpu-430x/mmpy-16/libgcc.a(_udivmodhi4.o)
 .debug_abbrev  0x00000028       0x14 /usr/lib/gcc/msp430/4.5.3/mcpu-430x/mmpy-16/libgcc.a(_divmodhi4.o)
 .debug_abbrev  0x0000003c       0x14 /usr/lib/gcc/msp430/4.5.3/mcpu-430x/mmpy-16/libgcc.a(_udivmodsi4.o)
 .debug_abbrev  0x00000050       0x14 /usr/lib/gcc/msp430/4.5.3/mcpu-430x/mmpy-16/libgcc.a(_divmodsi4.o)
 .debug_abbrev  0x00000064       0x6d /usr/lib/gcc/msp430/4.5.3/../../../../msp430/lib/mcpu-430x/mmpy-16/libc.a(strncmp.o)
 .debug_abbrev  0x000000d1       0x8a /usr/lib/gcc/msp430/4.5.3/../../../../msp430/lib/mcpu-430x/mmpy-16/libc.a(memcmp.o)
 .debug_abbrev  0x0000015b       0x97 /usr/lib/gcc/msp430/4.5.3/../../../../msp430/lib/mcpu-430x/mmpy-16/libc.a(memcpy.o)
 .debug_abbrev  0x000001f2       0x97 /usr/lib/gcc/msp430/4.5.3/../../../../msp430/lib/mcpu-430x/mmpy-16/libc.a(memmove.o)
 .debug_abbrev  0x00000289       0x8d /usr/lib/gcc/msp430/4.5.3/../../../../msp430/lib/mcpu-430x/mmpy-16/libc.a(memset.o)
 .debug_abbrev  0x00000316       0xce /usr/lib/gcc/msp430/4.5.3/../../../../msp430/lib/mcpu-430x/mmpy-16/libc.a(printf.o)
 .debug_abbrev  0x000003e4      0x1cb /usr/lib/gcc/msp430/4.5.3/../../../../msp430/lib/mcpu-430x/mmpy-16/libc.a(vuprintf.o)
 .debug_abbrev  0x000005af       0x60 /usr/lib/gcc/msp430/4.5.3/../../../../msp430/lib/mcpu-430x/mmpy-16/libc.a(puts.o)
 .debug_abbrev  0x0000060f       0xdc /usr/lib/gcc/msp430/4.5.3/../../../../msp430/lib/mcpu-430x/mmpy-16/libc.a(rand.o)
 .debug_abbrev  0x000006eb       0x14 /usr/lib/gcc/msp430/4.5.3/mcpu-430x/mmpy-16/libcrt0.a(__init_stack.o)
 .debug_abbrev  0x000006ff       0x14 /usr/lib/gcc/msp430/4.5.3/mcpu-430x/mmpy-16/libcrt0.a(__low_level_init.o)
 .debug_abbrev  0x00000713       0x14 /usr/lib/gcc/msp430/4.5.3/mcpu-430x/mmpy-16/libcrt0.a(_copy_data.o)
 .debug_abbrev  0x00000727       0x14 /usr/lib/gcc/msp430/4.5.3/mcpu-430x/mmpy-16/libcrt0.a(_clear_bss.o)
 .debug_abbrev  0x0000073b       0x14 /usr/lib/gcc/msp430/4.5.3/mcpu-430x/mmpy-16/libcrt0.a(_endless_loop__.o)
 .debug_abbrev  0x0000074f       0x14 /usr/lib/gcc/msp430/4.5.3/mcpu-430x/mmpy-16/libcrt0.a(_unexpected_.o)

.debug_line     0x00000000      0xc85
 *(.debug_line)
 .debug_line    0x00000000       0x9d /usr/lib/gcc/msp430/4.5.3/mcpu-430x/mmpy-16/libgcc.a(_mulsi3.o)
 .debug_line    0x0000009d       0x9a /usr/lib/gcc/msp430/4.5.3/mcpu-430x/mmpy-16/libgcc.a(_udivmodhi4.o)
 .debug_line    0x00000137       0xa5 /usr/lib/gcc/msp430/4.5.3/mcpu-430x/mmpy-16/libgcc.a(_divmodhi4.o)
 .debug_line    0x000001dc       0xa1 /usr/lib/gcc/msp430/4.5.3/mcpu-430x/mmpy-16/libgcc.a(_udivmodsi4.o)
 .debug_line    0x0000027d       0xaf /usr/lib/gcc/msp430/4.5.3/mcpu-430x/mmpy-16/libgcc.a(_divmodsi4.o)
 .debug_line    0x0000032c       0x76 /usr/lib/gcc/msp430/4.5.3/../../../../msp430/lib/mcpu-430x/mmpy-16/libc.a(strncmp.o)
 .debug_line    0x000003a2       0x7c /usr/lib/gcc/msp430/4.5.3/../../../../msp430/lib/mcpu-430x/mmpy-16/libc.a(memcmp.o)
 .debug_line    0x0000041e       0xf3 /usr/lib/gcc/msp430/4.5.3/../../../../msp430/lib/mcpu-430x/mmpy-16/libc.a(memcpy.o)
 .debug_line    0x00000511       0xf3 /usr/lib/gcc/msp430/4.5.3/../../../../msp430/lib/mcpu-430x/mmpy-16/libc.a(memmove.o)
 .debug_line    0x00000604       0xbd /usr/lib/gcc/msp430/4.5.3/../../../../msp430/lib/mcpu-430x/mmpy-16/libc.a(memset.o)
 .debug_line    0x000006c1       0x72 /usr/lib/gcc/msp430/4.5.3/../../../../msp430/lib/mcpu-430x/mmpy-16/libc.a(printf.o)
 .debug_line    0x00000733      0x198 /usr/lib/gcc/msp430/4.5.3/../../../../msp430/lib/mcpu-430x/mmpy-16/libc.a(vuprintf.o)
 .debug_line    0x000008cb       0x4d /usr/lib/gcc/msp430/4.5.3/../../../../msp430/lib/mcpu-430x/mmpy-16/libc.a(puts.o)
 .debug_line    0x00000918       0x52 /usr/lib/gcc/msp430/4.5.3/../../../../msp430/lib/mcpu-430x/mmpy-16/libc.a(rand.o)
 .debug_line    0x0000096a       0x82 /usr/lib/gcc/msp430/4.5.3/mcpu-430x/mmpy-16/libcrt0.a(__init_stack.o)
 .debug_line    0x000009ec       0x84 /usr/lib/gcc/msp430/4.5.3/mcpu-430x/mmpy-16/libcrt0.a(__low_level_init.o)
 .debug_line    0x00000a70       0x88 /usr/lib/gcc/msp430/4.5.3/mcpu-430x/mmpy-16/libcrt0.a(_copy_data.o)
 .debug_line    0x00000af8       0x88 /usr/lib/gcc/msp430/4.5.3/mcpu-430x/mmpy-16/libcrt0.a(_clear_bss.o)
 .debug_line    0x00000b80       0x83 /usr/lib/gcc/msp430/4.5.3/mcpu-430x/mmpy-16/libcrt0.a(_endless_loop__.o)
 .debug_line    0x00000c03       0x82 /usr/lib/gcc/msp430/4.5.3/mcpu-430x/mmpy-16/libcrt0.a(_unexpected_.o)

.debug_frame    0x00000000      0x202
 *(.debug_frame)
 .debug_frame   0x00000000       0x24 /usr/lib/gcc/msp430/4.5.3/../../../../msp430/lib/mcpu-430x/mmpy-16/libc.a(strncmp.o)
 .debug_frame   0x00000024       0x28 /usr/lib/gcc/msp430/4.5.3/../../../../msp430/lib/mcpu-430x/mmpy-16/libc.a(memcmp.o)
 .debug_frame   0x0000004c       0x32 /usr/lib/gcc/msp430/4.5.3/../../../../msp430/lib/mcpu-430x/mmpy-16/libc.a(memcpy.o)
 .debug_frame   0x0000007e       0x32 /usr/lib/gcc/msp430/4.5.3/../../../../msp430/lib/mcpu-430x/mmpy-16/libc.a(memmove.o)
 .debug_frame   0x000000b0       0x32 /usr/lib/gcc/msp430/4.5.3/../../../../msp430/lib/mcpu-430x/mmpy-16/libc.a(memset.o)
 .debug_frame   0x000000e2       0x2a /usr/lib/gcc/msp430/4.5.3/../../../../msp430/lib/mcpu-430x/mmpy-16/libc.a(printf.o)
 .debug_frame   0x0000010c       0x82 /usr/lib/gcc/msp430/4.5.3/../../../../msp430/lib/mcpu-430x/mmpy-16/libc.a(vuprintf.o)
 .debug_frame   0x0000018e       0x24 /usr/lib/gcc/msp430/4.5.3/../../../../msp430/lib/mcpu-430x/mmpy-16/libc.a(puts.o)
 .debug_frame   0x000001b2       0x50 /usr/lib/gcc/msp430/4.5.3/../../../../msp430/lib/mcpu-430x/mmpy-16/libc.a(rand.o)

.debug_str      0x00000000      0x317
 *(.debug_str)
 .debug_str     0x00000000       0x9b /usr/lib/gcc/msp430/4.5.3/../../../../msp430/lib/mcpu-430x/mmpy-16/libc.a(strncmp.o)
                                 0xd4 (size before relaxing)
 .debug_str     0x0000009b       0x19 /usr/lib/gcc/msp430/4.5.3/../../../../msp430/lib/mcpu-430x/mmpy-16/libc.a(memcmp.o)
                                 0xd2 (size before relaxing)
 .debug_str     0x000000b4       0x34 /usr/lib/gcc/msp430/4.5.3/../../../../msp430/lib/mcpu-430x/mmpy-16/libc.a(memcpy.o)
                                 0xed (size before relaxing)
 .debug_str     0x000000e8       0x1b /usr/lib/gcc/msp430/4.5.3/../../../../msp430/lib/mcpu-430x/mmpy-16/libc.a(memmove.o)
                                 0xef (size before relaxing)
 .debug_str     0x00000103       0x26 /usr/lib/gcc/msp430/4.5.3/../../../../msp430/lib/mcpu-430x/mmpy-16/libc.a(memset.o)
                                 0xeb (size before relaxing)
 .debug_str     0x00000129       0x40 /usr/lib/gcc/msp430/4.5.3/../../../../msp430/lib/mcpu-430x/mmpy-16/libc.a(printf.o)
                                0x101 (size before relaxing)
 .debug_str     0x00000169      0x16a /usr/lib/gcc/msp430/4.5.3/../../../../msp430/lib/mcpu-430x/mmpy-16/libc.a(vuprintf.o)
                                0x25d (size before relaxing)
 .debug_str     0x000002d3       0x15 /usr/lib/gcc/msp430/4.5.3/../../../../msp430/lib/mcpu-430x/mmpy-16/libc.a(puts.o)
                                 0xc7 (size before relaxing)
 .debug_str     0x000002e8       0x2f /usr/lib/gcc/msp430/4.5.3/../../../../msp430/lib/mcpu-430x/mmpy-16/libc.a(rand.o)
                                 0xe6 (size before relaxing)

.debug_loc      0x00000000      0xa92
 *(.debug_loc)
 .debug_loc     0x00000000       0x63 /usr/lib/gcc/msp430/4.5.3/../../../../msp430/lib/mcpu-430x/mmpy-16/libc.a(strncmp.o)
 .debug_loc     0x00000063       0x59 /usr/lib/gcc/msp430/4.5.3/../../../../msp430/lib/mcpu-430x/mmpy-16/libc.a(memcmp.o)
 .debug_loc     0x000000bc      0x1d6 /usr/lib/gcc/msp430/4.5.3/../../../../msp430/lib/mcpu-430x/mmpy-16/libc.a(memcpy.o)
 .debug_loc     0x00000292      0x1d6 /usr/lib/gcc/msp430/4.5.3/../../../../msp430/lib/mcpu-430x/mmpy-16/libc.a(memmove.o)
 .debug_loc     0x00000468       0xeb /usr/lib/gcc/msp430/4.5.3/../../../../msp430/lib/mcpu-430x/mmpy-16/libc.a(memset.o)
 .debug_loc     0x00000553       0x24 /usr/lib/gcc/msp430/4.5.3/../../../../msp430/lib/mcpu-430x/mmpy-16/libc.a(printf.o)
 .debug_loc     0x00000577      0x49c /usr/lib/gcc/msp430/4.5.3/../../../../msp430/lib/mcpu-430x/mmpy-16/libc.a(vuprintf.o)
 .debug_loc     0x00000a13       0x2d /usr/lib/gcc/msp430/4.5.3/../../../../msp430/lib/mcpu-430x/mmpy-16/libc.a(puts.o)
 .debug_loc     0x00000a40       0x52 /usr/lib/gcc/msp430/4.5.3/../../../../msp430/lib/mcpu-430x/mmpy-16/libc.a(rand.o)

.debug_macinfo
 *(.debug_macinfo)

.debug_pubtypes
                0x00000000      0x163
 *(.debug_pubtypes)
 .debug_pubtypes
                0x00000000       0x1d /usr/lib/gcc/msp430/4.5.3/../../../../msp430/lib/mcpu-430x/mmpy-16/libc.a(strncmp.o)
 .debug_pubtypes
                0x0000001d       0x1d /usr/lib/gcc/msp430/4.5.3/../../../../msp430/lib/mcpu-430x/mmpy-16/libc.a(memcmp.o)
 .debug_pubtypes
                0x0000003a       0x26 /usr/lib/gcc/msp430/4.5.3/../../../../msp430/lib/mcpu-430x/mmpy-16/libc.a(memcpy.o)
 .debug_pubtypes
                0x00000060       0x26 /usr/lib/gcc/msp430/4.5.3/../../../../msp430/lib/mcpu-430x/mmpy-16/libc.a(memmove.o)
 .debug_pubtypes
                0x00000086       0x32 /usr/lib/gcc/msp430/4.5.3/../../../../msp430/lib/mcpu-430x/mmpy-16/libc.a(memset.o)
 .debug_pubtypes
                0x000000b8       0x31 /usr/lib/gcc/msp430/4.5.3/../../../../msp430/lib/mcpu-430x/mmpy-16/libc.a(printf.o)
 .debug_pubtypes
                0x000000e9       0x56 /usr/lib/gcc/msp430/4.5.3/../../../../msp430/lib/mcpu-430x/mmpy-16/libc.a(vuprintf.o)
 .debug_pubtypes
                0x0000013f       0x12 /usr/lib/gcc/msp430/4.5.3/../../../../msp430/lib/mcpu-430x/mmpy-16/libc.a(puts.o)
 .debug_pubtypes
                0x00000151       0x12 /usr/lib/gcc/msp430/4.5.3/../../../../msp430/lib/mcpu-430x/mmpy-16/libc.a(rand.o)

.debug_ranges   0x00000000        0xc
 *(.debug_ranges)
 .debug_ranges  0x00000000        0xc /usr/lib/gcc/msp430/4.5.3/../../../../msp430/lib/mcpu-430x/mmpy-16/libc.a(vuprintf.o)
                0x00003100                PROVIDE (__stack, (ORIGIN (ram) + 0x2000))
                0x0000f638                PROVIDE (__data_start_rom, _etext)
                0x0000f736                PROVIDE (__data_end_rom, (_etext + SIZEOF (.data)))
OUTPUT(udp-sender.z1 elf32-msp430)
